../Core/Src/main.c:96:6:set_led	16	static
../Core/Src/main.c:124:5:main	88	static
../Core/Src/main.c:233:6:SystemClock_Config	88	static
../Core/Src/main.c:280:13:MX_TIM3_Init	64	static
../Core/Src/main.c:338:13:MX_USART2_UART_Init	8	static
../Core/Src/main.c:371:13:MX_USART6_UART_Init	8	static
../Core/Src/main.c:404:13:MX_GPIO_Init	48	static
../Core/Src/main.c:464:6:HAL_TIM_PeriodElapsedCallback	16	static
../Core/Src/main.c:484:6:esp_event	120	static
../Core/Src/main.c:552:6:Error_Handler	4	static,ignoring_inline_asm
