../Core/Src/main.c:96:5:main	8	static
../Core/Src/main.c:189:6:SystemClock_Config	88	static
../Core/Src/main.c:236:13:MX_SPI1_Init	8	static
../Core/Src/main.c:274:13:MX_USART2_UART_Init	8	static
../Core/Src/main.c:307:13:MX_GPIO_Init	40	static
../Core/Src/main.c:345:13:dump_mcp2515_debug	48	static
../Core/Src/main.c:356:1:__io_putchar	16	static
../Core/Src/main.c:365:6:HAL_GPIO_EXTI_Callback	16	static
../Core/Src/main.c:369:13:print_can_rx	64	static
../Core/Src/main.c:382:6:Error_Handler	4	static,ignoring_inline_asm
