../Core/Src/esp.c:13:20:delay_ms	16	static
../Core/Src/esp.c:18:13:uart_send	24	static
../Core/Src/esp.c:23:12:uart_recv_some	40	static
../Core/Src/esp.c:49:6:dbg	16	static
../Core/Src/esp.c:58:6:dbgf	272	static
../Core/Src/esp.c:68:13:wait_for_any_token	72	static
../Core/Src/esp.c:129:13:esp_cmd_expect_any	32	static
../Core/Src/esp.c:155:6:esp_cmd	32	static
../Core/Src/esp.c:165:13:esp_escape_transparent	16	static
../Core/Src/esp.c:181:13:esp_hw_reset	16	static
../Core/Src/esp.c:195:13:set_uart1_baud	16	static
../Core/Src/esp.c:209:13:esp_autobaud	16	static
../Core/Src/esp.c:244:6:esp_is_ready	8	static
../Core/Src/esp.c:249:6:esp_flush_rx	16	static
../Core/Src/esp.c:257:6:esp_init	8	static
../Core/Src/esp.c:328:6:esp_join_ap	1376	static
../Core/Src/esp.c:433:6:esp_tcp_connect	216	static
../Core/Src/esp.c:489:6:esp_tcp_close	8	static
../Core/Src/esp.c:500:6:esp_send_raw	16	static
../Core/Src/esp.c:510:5:esp_recv_raw	24	static
