Archive member included to satisfy reference by file (symbol)

C:\stm32_microros\firmware\third_party\microros\lib\libmicroxrcedds_client.a(time.c.o)
                              ./micro_xrcedds_client/src/c/core/session/session.o (uxr_nanos)
C:\stm32_microros\firmware\third_party\microros\lib\libmicroxrcedds_client.a(ping.c.o)
                              ./Core/Src/microros_app.o (uxr_ping_agent_attempts)
C:\stm32_microros\firmware\third_party\microros\lib\libmicroxrcedds_client.a(custom_transport.c.o)
                              ./Core/Src/microros_transport_esp.o (uxr_set_custom_transport_callbacks)
C:\stm32_microros\firmware\third_party\microros\lib\libmicroxrcedds_client.a(stream_framing_protocol.c.o)
                              C:\stm32_microros\firmware\third_party\microros\lib\libmicroxrcedds_client.a(custom_transport.c.o) (uxr_init_framing_io)
C:\stm32_microros\firmware\third_party\microros\lib\libmicrocdr.a(common.c.o)
                              ./micro_xrcedds_client/src/c/core/session/read_access.o (ucdr_set_on_full_buffer_callback)
C:\stm32_microros\firmware\third_party\microros\lib\libmicrocdr.a(basic.c.o)
                              ./micro_xrcedds_client/src/c/core/serialization/xrce_types.o (ucdr_serialize_bool)
C:\stm32_microros\firmware\third_party\microros\lib\libmicrocdr.a(string.c.o)
                              ./micro_xrcedds_client/src/c/core/serialization/xrce_types.o (ucdr_serialize_string)
C:\stm32_microros\firmware\third_party\microros\lib\libmicrocdr.a(array.c.o)
                              ./micro_xrcedds_client/src/c/core/serialization/xrce_header.o (ucdr_serialize_array_uint8_t)
C:\stm32_microros\firmware\third_party\microros\lib\libmicrocdr.a(sequence.c.o)
                              C:\stm32_microros\firmware\third_party\microros\lib\libmicrocdr.a(string.c.o) (ucdr_serialize_sequence_char)
C:/ST/STM32CubeIDE_1.19.0/STM32CubeIDE/plugins/com.st.stm32cube.ide.mcu.externaltools.gnu-tools-for-stm32.13.3.rel1.win32_1.0.0.202411081344/tools/bin/../lib/gcc/arm-none-eabi/13.3.1/../../../../arm-none-eabi/lib/thumb/v7e-m+fp/hard\libc_nano.a(libc_a-atoi.o)
                              ./Core/Src/esp.o (atoi)
C:/ST/STM32CubeIDE_1.19.0/STM32CubeIDE/plugins/com.st.stm32cube.ide.mcu.externaltools.gnu-tools-for-stm32.13.3.rel1.win32_1.0.0.202411081344/tools/bin/../lib/gcc/arm-none-eabi/13.3.1/../../../../arm-none-eabi/lib/thumb/v7e-m+fp/hard\libc_nano.a(libc_a-exit.o)
                              C:/ST/STM32CubeIDE_1.19.0/STM32CubeIDE/plugins/com.st.stm32cube.ide.mcu.externaltools.gnu-tools-for-stm32.13.3.rel1.win32_1.0.0.202411081344/tools/bin/../lib/gcc/arm-none-eabi/13.3.1/../../../../arm-none-eabi/lib/thumb/v7e-m+fp/hard/crt0.o (exit)
C:/ST/STM32CubeIDE_1.19.0/STM32CubeIDE/plugins/com.st.stm32cube.ide.mcu.externaltools.gnu-tools-for-stm32.13.3.rel1.win32_1.0.0.202411081344/tools/bin/../lib/gcc/arm-none-eabi/13.3.1/../../../../arm-none-eabi/lib/thumb/v7e-m+fp/hard\libc_nano.a(libc_a-strtol.o)
                              C:/ST/STM32CubeIDE_1.19.0/STM32CubeIDE/plugins/com.st.stm32cube.ide.mcu.externaltools.gnu-tools-for-stm32.13.3.rel1.win32_1.0.0.202411081344/tools/bin/../lib/gcc/arm-none-eabi/13.3.1/../../../../arm-none-eabi/lib/thumb/v7e-m+fp/hard\libc_nano.a(libc_a-atoi.o) (_strtol_r)
C:/ST/STM32CubeIDE_1.19.0/STM32CubeIDE/plugins/com.st.stm32cube.ide.mcu.externaltools.gnu-tools-for-stm32.13.3.rel1.win32_1.0.0.202411081344/tools/bin/../lib/gcc/arm-none-eabi/13.3.1/../../../../arm-none-eabi/lib/thumb/v7e-m+fp/hard\libc_nano.a(libc_a-ctype_.o)
                              C:/ST/STM32CubeIDE_1.19.0/STM32CubeIDE/plugins/com.st.stm32cube.ide.mcu.externaltools.gnu-tools-for-stm32.13.3.rel1.win32_1.0.0.202411081344/tools/bin/../lib/gcc/arm-none-eabi/13.3.1/../../../../arm-none-eabi/lib/thumb/v7e-m+fp/hard\libc_nano.a(libc_a-strtol.o) (_ctype_)
C:/ST/STM32CubeIDE_1.19.0/STM32CubeIDE/plugins/com.st.stm32cube.ide.mcu.externaltools.gnu-tools-for-stm32.13.3.rel1.win32_1.0.0.202411081344/tools/bin/../lib/gcc/arm-none-eabi/13.3.1/../../../../arm-none-eabi/lib/thumb/v7e-m+fp/hard\libc_nano.a(libc_a-findfp.o)
                              C:/ST/STM32CubeIDE_1.19.0/STM32CubeIDE/plugins/com.st.stm32cube.ide.mcu.externaltools.gnu-tools-for-stm32.13.3.rel1.win32_1.0.0.202411081344/tools/bin/../lib/gcc/arm-none-eabi/13.3.1/../../../../arm-none-eabi/lib/thumb/v7e-m+fp/hard\libc_nano.a(libc_a-exit.o) (__stdio_exit_handler)
C:/ST/STM32CubeIDE_1.19.0/STM32CubeIDE/plugins/com.st.stm32cube.ide.mcu.externaltools.gnu-tools-for-stm32.13.3.rel1.win32_1.0.0.202411081344/tools/bin/../lib/gcc/arm-none-eabi/13.3.1/../../../../arm-none-eabi/lib/thumb/v7e-m+fp/hard\libc_nano.a(libc_a-fwalk.o)
                              C:/ST/STM32CubeIDE_1.19.0/STM32CubeIDE/plugins/com.st.stm32cube.ide.mcu.externaltools.gnu-tools-for-stm32.13.3.rel1.win32_1.0.0.202411081344/tools/bin/../lib/gcc/arm-none-eabi/13.3.1/../../../../arm-none-eabi/lib/thumb/v7e-m+fp/hard\libc_nano.a(libc_a-findfp.o) (_fwalk_sglue)
[...]
Memory Configuration

Name             Origin             Length             Attributes
RAM              0x20000000         0x00020000         xrw
FLASH            0x08000000         0x00080000         xr
*default*        0x00000000         0xffffffff

Linker script and memory map

LOAD C:/ST/STM32CubeIDE_1.19.0/STM32CubeIDE/plugins/com.st.stm32cube.ide.mcu.externaltools.gnu-tools-for-stm32.13.3.rel1.win32_1.0.0.202411081344/tools/bin/../lib/gcc/arm-none-eabi/13.3.1/thumb/v7e-m+fp/hard/crti.o
LOAD C:/ST/STM32CubeIDE_1.19.0/STM32CubeIDE/plugins/com.st.stm32cube.ide.mcu.externaltools.gnu-tools-for-stm32.13.3.rel1.win32_1.0.0.202411081344/tools/bin/../lib/gcc/arm-none-eabi/13.3.1/thumb/v7e-m+fp/hard/crtbegin.o
LOAD C:/ST/STM32CubeIDE_1.19.0/STM32CubeIDE/plugins/com.st.stm32cube.ide.mcu.externaltools.gnu-tools-for-stm32.13.3.rel1.win32_1.0.0.202411081344/tools/bin/../lib/gcc/arm-none-eabi/13.3.1/../../../../arm-none-eabi/lib/thumb/v7e-m+fp/hard/crt0.o
LOAD ./Core/Src/esp.o
LOAD ./Core/Src/main.o
LOAD ./Core/Src/microros_app.o
LOAD ./Core/Src/microros_transport_esp.o
LOAD ./Core/Src/posix_time_shim.o
LOAD ./Core/Src/stm32f4xx_hal_msp.o
LOAD ./Core/Src/stm32f4xx_it.o
LOAD ./Core/Src/syscalls.o
LOAD ./Core/Src/sysmem.o
LOAD ./Core/Src/system_stm32f4xx.o
LOAD ./Core/Startup/startup_stm32f411retx.o
LOAD ./Drivers/STM32F4xx_HAL_Driver/Src/stm32f4xx_hal.o
LOAD ./Drivers/STM32F4xx_HAL_Driver/Src/stm32f4xx_hal_cortex.o
LOAD ./Drivers/STM32F4xx_HAL_Driver/Src/stm32f4xx_hal_dma.o
LOAD ./Drivers/STM32F4xx_HAL_Driver/Src/stm32f4xx_hal_dma_ex.o
LOAD ./Drivers/STM32F4xx_HAL_Driver/Src/stm32f4xx_hal_exti.o
LOAD ./Drivers/STM32F4xx_HAL_Driver/Src/stm32f4xx_hal_flash.o
LOAD ./Drivers/STM32F4xx_HAL_Driver/Src/stm32f4xx_hal_flash_ex.o
LOAD ./Drivers/STM32F4xx_HAL_Driver/Src/stm32f4xx_hal_flash_ramfunc.o
LOAD ./Drivers/STM32F4xx_HAL_Driver/Src/stm32f4xx_hal_gpio.o
LOAD ./Drivers/STM32F4xx_HAL_Driver/Src/stm32f4xx_hal_pwr.o
LOAD ./Drivers/STM32F4xx_HAL_Driver/Src/stm32f4xx_hal_pwr_ex.o
LOAD ./Drivers/STM32F4xx_HAL_Driver/Src/stm32f4xx_hal_rcc.o
LOAD ./Drivers/STM32F4xx_HAL_Driver/Src/stm32f4xx_hal_rcc_ex.o
LOAD ./Drivers/STM32F4xx_HAL_Driver/Src/stm32f4xx_hal_tim.o
LOAD ./Drivers/STM32F4xx_HAL_Driver/Src/stm32f4xx_hal_tim_ex.o
LOAD ./Drivers/STM32F4xx_HAL_Driver/Src/stm32f4xx_hal_uart.o
LOAD ./micro_xrcedds_client/src/c/core/log/log.o
LOAD ./micro_xrcedds_client/src/c/core/serialization/xrce_header.o
LOAD ./micro_xrcedds_client/src/c/core/serialization/xrce_subheader.o
LOAD ./micro_xrcedds_client/src/c/core/serialization/xrce_types.o
LOAD ./micro_xrcedds_client/src/c/core/session/common_create_entities.o
LOAD ./micro_xrcedds_client/src/c/core/session/create_entities_bin.o
LOAD ./micro_xrcedds_client/src/c/core/session/create_entities_ref.o
LOAD ./micro_xrcedds_client/src/c/core/session/create_entities_xml.o
LOAD ./micro_xrcedds_client/src/c/core/session/object_id.o
LOAD ./micro_xrcedds_client/src/c/core/session/read_access.o
LOAD ./micro_xrcedds_client/src/c/core/session/session.o
LOAD ./micro_xrcedds_client/src/c/core/session/session_info.o
LOAD ./micro_xrcedds_client/src/c/core/session/submessage.o
LOAD ./micro_xrcedds_client/src/c/core/session/write_access.o
LOAD ./micro_xrcedds_client/src/c/core/session/stream/input_best_effort_stream.o
LOAD ./micro_xrcedds_client/src/c/core/session/stream/input_reliable_stream.o
LOAD ./micro_xrcedds_client/src/c/core/session/stream/output_best_effort_stream.o
LOAD ./micro_xrcedds_client/src/c/core/session/stream/output_reliable_stream.o
LOAD ./micro_xrcedds_client/src/c/core/session/stream/seq_num.o
LOAD ./micro_xrcedds_client/src/c/core/session/stream/stream_id.o
LOAD ./micro_xrcedds_client/src/c/core/session/stream/stream_storage.o
LOAD C:\stm32_microros\firmware\third_party\microros\lib\libmicroxrcedds_client.a
LOAD C:\stm32_microros\firmware\third_party\microros\lib\libmicrocdr.a
START GROUP
LOAD C:/ST/STM32CubeIDE_1.19.0/STM32CubeIDE/plugins/com.st.stm32cube.ide.mcu.externaltools.gnu-tools-for-stm32.13.3.rel1.win32_1.0.0.202411081344/tools/bin/../lib/gcc/arm-none-eabi/13.3.1/../../../../arm-none-eabi/lib/thumb/v7e-m+fp/hard\libc_nano.a
LOAD C:/ST/STM32CubeIDE_1.19.0/STM32CubeIDE/plugins/com.st.stm32cube.ide.mcu.externaltools.gnu-tools-for-stm32.13.3.rel1.win32_1.0.0.202411081344/tools/bin/../lib/gcc/arm-none-eabi/13.3.1/../../../../arm-none-eabi/lib/thumb/v7e-m+fp/hard\libm.a
END GROUP
START GROUP
LOAD C:/ST/STM32CubeIDE_1.19.0/STM32CubeIDE/plugins/com.st.stm32cube.ide.mcu.externaltools.gnu-tools-for-stm32.13.3.rel1.win32_1.0.0.202411081344/tools/bin/../lib/gcc/arm-none-eabi/13.3.1/thumb/v7e-m+fp/hard\libgcc.a
LOAD C:/ST/STM32CubeIDE_1.19.0/STM32CubeIDE/plugins/com.st.stm32cube.ide.mcu.externaltools.gnu-tools-for-stm32.13.3.rel1.win32_1.0.0.202411081344/tools/bin/../lib/gcc/arm-none-eabi/13.3.1/../../../../arm-none-eabi/lib/thumb/v7e-m+fp/hard\libc_nano.a
END GROUP
START GROUP
LOAD C:/ST/STM32CubeIDE_1.19.0/STM32CubeIDE/plugins/com.st.stm32cube.ide.mcu.externaltools.gnu-tools-for-stm32.13.3.rel1.win32_1.0.0.202411081344/tools/bin/../lib/gcc/arm-none-eabi/13.3.1/thumb/v7e-m+fp/hard\libgcc.a
LOAD C:/ST/STM32CubeIDE_1.19.0/STM32CubeIDE/plugins/com.st.stm32cube.ide.mcu.externaltools.gnu-tools-for-stm32.13.3.rel1.win32_1.0.0.202411081344/tools/bin/../lib/gcc/arm-none-eabi/13.3.1/../../../../arm-none-eabi/lib/thumb/v7e-m+fp/hard\libc_nano.a
LOAD C:/ST/STM32CubeIDE_1.19.0/STM32CubeIDE/plugins/com.st.stm32cube.ide.mcu.externaltools.gnu-tools-for-stm32.13.3.rel1.win32_1.0.0.202411081344/tools/bin/../lib/gcc/arm-none-eabi/13.3.1/../../../../arm-none-eabi/lib/thumb/v7e-m+fp/hard\libnosys.a
END GROUP
START GROUP
LOAD C:/ST/STM32CubeIDE_1.19.0/STM32CubeIDE/plugins/com.st.stm32cube.ide.mcu.externaltools.gnu-tools-for-stm32.13.3.rel1.win32_1.0.0.202411081344/tools/bin/../lib/gcc/arm-none-eabi/13.3.1/thumb/v7e-m+fp/hard\libgcc.a
LOAD C:/ST/STM32CubeIDE_1.19.0/STM32CubeIDE/plugins/com.st.stm32cube.ide.mcu.externaltools.gnu-tools-for-stm32.13.3.rel1.win32_1.0.0.202411081344/tools/bin/../lib/gcc/arm-none-eabi/13.3.1/../../../../arm-none-eabi/lib/thumb/v7e-m+fp/hard\libc_nano.a
LOAD C:/ST/STM32CubeIDE_1.19.0/STM32CubeIDE/plugins/com.st.stm32cube.ide.mcu.externaltools.gnu-tools-for-stm32.13.3.rel1.win32_1.0.0.202411081344/tools/bin/../lib/gcc/arm-none-eabi/13.3.1/../../../../arm-none-eabi/lib/thumb/v7e-m+fp/hard\libnosys.a
END GROUP
LOAD C:/ST/STM32CubeIDE_1.19.0/STM32CubeIDE/plugins/com.st.stm32cube.ide.mcu.externaltools.gnu-tools-for-stm32.13.3.rel1.win32_1.0.0.202411081344/tools/bin/../lib/gcc/arm-none-eabi/13.3.1/thumb/v7e-m+fp/hard/crtend.o
LOAD C:/ST/STM32CubeIDE_1.19.0/STM32CubeIDE/plugins/com.st.stm32cube.ide.mcu.externaltools.gnu-tools-for-stm32.13.3.rel1.win32_1.0.0.202411081344/tools/bin/../lib/gcc/arm-none-eabi/13.3.1/thumb/v7e-m+fp/hard/crtn.o
                0x20020000                        _estack = (ORIGIN (RAM) + LENGTH (RAM))
                0x00000200                        _Min_Heap_Size = 0x200
                0x00000400                        _Min_Stack_Size = 0x400

.isr_vector     0x08000000      0x198
                0x08000000                        . = ALIGN (0x4)
 *(.isr_vector)
 .isr_vector    0x08000000      0x198 ./Core/Startup/startup_stm32f411retx.o
                0x08000000                g_pfnVectors
                0x08000198                        . = ALIGN (0x4)

.text           0x080001a0     0xab28
                0x080001a0                        . = ALIGN (0x4)
 *(.text)
 .text          0x080001a0       0x40 C:/ST/STM32CubeIDE_1.19.0/STM32CubeIDE/plugins/com.st.stm32cube.ide.mcu.externaltools.gnu-tools-for-stm32.13.3.rel1.win32_1.0.0.202411081344/tools/bin/../lib/gcc/arm-none-eabi/13.3.1/thumb/v7e-m+fp/hard/crtbegin.o
 .text          0x080001e0       0x10 C:/ST/STM32CubeIDE_1.19.0/STM32CubeIDE/plugins/com.st.stm32cube.ide.mcu.externaltools.gnu-tools-for-stm32.13.3.rel1.win32_1.0.0.202411081344/tools/bin/../lib/gcc/arm-none-eabi/13.3.1/../../../../arm-none-eabi/lib/thumb/v7e-m+fp/hard\libc_nano.a(libc_a-strlen.o)
                0x080001e0                strlen
 .text          0x080001f0       0xa0 C:/ST/STM32CubeIDE_1.19.0/STM32CubeIDE/plugins/com.st.stm32cube.ide.mcu.externaltools.gnu-tools-for-stm32.13.3.rel1.win32_1.0.0.202411081344/tools/bin/../lib/gcc/arm-none-eabi/13.3.1/../../../../arm-none-eabi/lib/thumb/v7e-m+fp/hard\libc_nano.a(libc_a-memchr.o)
                0x080001f0                memchr
 .text          0x08000290       0xa0 C:/ST/STM32CubeIDE_1.19.0/STM32CubeIDE/plugins/com.st.stm32cube.ide.mcu.externaltools.gnu-tools-for-stm32.13.3.rel1.win32_1.0.0.202411081344/tools/bin/../lib/gcc/arm-none-eabi/13.3.1/thumb/v7e-m+fp/hard\libgcc.a(_aeabi_ldivmod.o)
                0x08000290                __aeabi_ldivmod
 .text          0x08000330       0x30 C:/ST/STM32CubeIDE_1.19.0/STM32CubeIDE/plugins/com.st.stm32cube.ide.mcu.externaltools.gnu-tools-for-stm32.13.3.rel1.win32_1.0.0.202411081344/tools/bin/../lib/gcc/arm-none-eabi/13.3.1/thumb/v7e-m+fp/hard\libgcc.a(_aeabi_uldivmod.o)
                0x08000330                __aeabi_uldivmod
 .text          0x08000360      0x2f8 C:/ST/STM32CubeIDE_1.19.0/STM32CubeIDE/plugins/com.st.stm32cube.ide.mcu.externaltools.gnu-tools-for-stm32.13.3.rel1.win32_1.0.0.202411081344/tools/bin/../lib/gcc/arm-none-eabi/13.3.1/thumb/v7e-m+fp/hard\libgcc.a(_udivmoddi4.o)
                0x08000360                __udivmoddi4
 .text          0x08000658        0x4 C:/ST/STM32CubeIDE_1.19.0/STM32CubeIDE/plugins/com.st.stm32cube.ide.mcu.externaltools.gnu-tools-for-stm32.13.3.rel1.win32_1.0.0.202411081344/tools/bin/../lib/gcc/arm-none-eabi/13.3.1/thumb/v7e-m+fp/hard\libgcc.a(_dvmd_tls.o)
                0x08000658                __aeabi_idiv0
                0x08000658                __aeabi_ldiv0
 *(.text*)
 .text.uart_send
                0x0800065c       0x24 ./Core/Src/esp.o
 .text.uart_recv_some
                0x08000680       0x7c ./Core/Src/esp.o
 .text.dbg      0x080006fc       0x30 ./Core/Src/esp.o
                0x080006fc                dbg
 .text.dbgf     0x0800072c       0x4a ./Core/Src/esp.o
                0x0800072c                dbgf
 *fill*         0x08000776        0x2 
 .text.wait_for_any_token
                0x08000778      0x18c ./Core/Src/esp.o
 .text.esp_cmd_expect_any
                0x08000904       0x94 ./Core/Src/esp.o
 .text.esp_cmd  0x08000998       0x46 ./Core/Src/esp.o
                0x08000998                esp_cmd
 *fill*         0x080009de        0x2 
 .text.esp_escape_transparent
                0x080009e0       0x5c ./Core/Src/esp.o
 .text.esp_hw_reset
                0x08000a3c       0x30 ./Core/Src/esp.o
 .text.set_uart1_baud
                0x08000a6c       0x3c ./Core/Src/esp.o
 .text.esp_autobaud
                0x08000aa8       0xc0 ./Core/Src/esp.o
 .text.esp_init
                0x08000b68      0x128 ./Core/Src/esp.o
                0x08000b68                esp_init
 .text.esp_join_ap
                0x08000c90      0x510 ./Core/Src/esp.o
                0x08000c90                esp_join_ap
 .text.main     0x080011a0       0x20 ./Core/Src/main.o
                0x080011a0                main
 .text.SystemClock_Config
                0x080011c0        0xe ./Core/Src/main.o
 .text.MX_GPIO_Init
                0x080011ce        0xe ./Core/Src/main.o
 .text.MX_USART1_UART_Init
                0x080011dc       0x54 ./Core/Src/main.o
 .text.MX_USART2_UART_Init
                0x08001230       0x54 ./Core/Src/main.o
 .text.Error_Handler
                0x08001284        0xc ./Core/Src/main.o
                0x08001284                Error_Handler
 .text.make_client_key_from_uid
                0x08001290       0x54 ./Core/Src/microros_app.o
 .text.microros_app_run
                0x080012e4      0x22c ./Core/Src/microros_app.o
                0x080012e4                microros_app_run
 .text.uart_send_str
                0x08001510       0x28 ./Core/Src/microros_transport_esp.o
 .text.uart_send_data
                0x08001538       0x2a ./Core/Src/microros_transport_esp.o
 *fill*         0x08001562        0x2 
 .text.flush_esp
                0x08001564       0x44 ./Core/Src/microros_transport_esp.o
 .text.wait_for_token_any
                0x080015a8      0x110 ./Core/Src/microros_transport_esp.o
 .text.wait_for_token
                0x080016b8       0x1e ./Core/Src/microros_transport_esp.o
 *fill*         0x080016d6        0x2 
 .text.at_ok    0x080016d8       0x40 ./Core/Src/microros_transport_esp.o
 .text.recv_ipd
                0x08001718      0x184 ./Core/Src/microros_transport_esp.o
 .text.transport_esp_open
                0x0800189c      0x198 ./Core/Src/microros_transport_esp.o
                0x0800189c                transport_esp_open
 .text.transport_esp_open_tcp
                0x08001a34      0x124 ./Core/Src/microros_transport_esp.o
                0x08001a34                transport_esp_open_tcp
 .text.transport_esp_close
                0x08001b58       0x2c ./Core/Src/microros_transport_esp.o
                0x08001b58                transport_esp_close
 .text.transport_esp_write
                0x08001b84       0xd8 ./Core/Src/microros_transport_esp.o
                0x08001b84                transport_esp_write
 .text.transport_esp_read
                0x08001c5c       0x74 ./Core/Src/microros_transport_esp.o
                0x08001c5c                transport_esp_read
 .text.uxr_custom_transport_init_tcp
                0x08001cd0       0x64 ./Core/Src/microros_transport_esp.o
                0x08001cd0                uxr_custom_transport_init_tcp
 .text.uxr_custom_transport_init_compat
                0x08001d34       0x64 ./Core/Src/microros_transport_esp.o
                0x08001d34                uxr_custom_transport_init_compat
 .text.clock_gettime
                0x08001d98       0x58 ./Core/Src/posix_time_shim.o
                0x08001d98                clock_gettime
 .text.HAL_MspInit
                0x08001df0       0x50 ./Core/Src/stm32f4xx_hal_msp.o
                0x08001df0                HAL_MspInit
 .text.HAL_UART_MspInit
                0x08001e40      0x108 ./Core/Src/stm32f4xx_hal_msp.o
                0x08001e40                HAL_UART_MspInit
 .text.HAL_UART_MspDeInit
                0x08001f48       0x68 ./Core/Src/stm32f4xx_hal_msp.o
                0x08001f48                HAL_UART_MspDeInit
 .text.NMI_Handler
                0x08001fb0        0x8 ./Core/Src/stm32f4xx_it.o
                0x08001fb0                NMI_Handler
 .text.HardFault_Handler
                0x08001fb8        0x8 ./Core/Src/stm32f4xx_it.o
                0x08001fb8                HardFault_Handler
 .text.MemManage_Handler
                0x08001fc0        0x8 ./Core/Src/stm32f4xx_it.o
                0x08001fc0                MemManage_Handler
 .text.BusFault_Handler
                0x08001fc8        0x8 ./Core/Src/stm32f4xx_it.o
                0x08001fc8                BusFault_Handler
 .text.UsageFault_Handler
                0x08001fd0        0x8 ./Core/Src/stm32f4xx_it.o
                0x08001fd0                UsageFault_Handler
 .text.SVC_Handler
                0x08001fd8        0xe ./Core/Src/stm32f4xx_it.o
                0x08001fd8                SVC_Handler
 .text.DebugMon_Handler
                0x08001fe6        0xe ./Core/Src/stm32f4xx_it.o
                0x08001fe6                DebugMon_Handler
 .text.PendSV_Handler
                0x08001ff4        0xe ./Core/Src/stm32f4xx_it.o
                0x08001ff4                PendSV_Handler
 .text.SysTick_Handler
                0x08002002        0xc ./Core/Src/stm32f4xx_it.o
                0x08002002                SysTick_Handler
 *fill*         0x0800200e        0x2 
 .text.USART1_IRQHandler
                0x08002010       0x14 ./Core/Src/stm32f4xx_it.o
                0x08002010                USART1_IRQHandler
 .text._sbrk    0x08002024       0x6c ./Core/Src/sysmem.o
                0x08002024                _sbrk
 .text.SystemInit
                0x08002090       0x24 ./Core/Src/system_stm32f4xx.o
                0x08002090                SystemInit
 .text.Reset_Handler
                0x080020b4       0x50 ./Core/Startup/startup_stm32f411retx.o
                0x080020b4                Reset_Handler
 .text.Default_Handler
                0x08002104        0x2 ./Core/Startup/startup_stm32f411retx.o
                0x08002104                RTC_Alarm_IRQHandler
                0x08002104                EXTI2_IRQHandler
                0x08002104                SPI4_IRQHandler
                0x08002104                TIM1_CC_IRQHandler
                0x08002104                DMA2_Stream5_IRQHandler
                0x08002104                DMA1_Stream5_IRQHandler
                0x08002104                PVD_IRQHandler
                0x08002104                SDIO_IRQHandler
                0x08002104                TAMP_STAMP_IRQHandler
                0x08002104                EXTI3_IRQHandler
                0x08002104                TIM1_UP_TIM10_IRQHandler
                0x08002104                I2C3_ER_IRQHandler
                0x08002104                EXTI0_IRQHandler
                0x08002104                I2C2_EV_IRQHandler
                0x08002104                DMA1_Stream2_IRQHandler
                0x08002104                FPU_IRQHandler
                0x08002104                DMA2_Stream2_IRQHandler
                0x08002104                SPI1_IRQHandler
                0x08002104                TIM1_BRK_TIM9_IRQHandler
                0x08002104                DMA2_Stream3_IRQHandler
                0x08002104                USART6_IRQHandler
                0x08002104                DMA2_Stream0_IRQHandler
                0x08002104                TIM4_IRQHandler
                0x08002104                I2C1_EV_IRQHandler
                0x08002104                DMA1_Stream6_IRQHandler
                0x08002104                DMA1_Stream1_IRQHandler
                0x08002104                TIM3_IRQHandler
                0x08002104                RCC_IRQHandler
                0x08002104                Default_Handler
                0x08002104                EXTI15_10_IRQHandler
                0x08002104                ADC_IRQHandler
                0x08002104                DMA1_Stream7_IRQHandler
                0x08002104                SPI5_IRQHandler
                0x08002104                TIM5_IRQHandler
                0x08002104                DMA2_Stream7_IRQHandler
                0x08002104                I2C3_EV_IRQHandler
                0x08002104                EXTI9_5_IRQHandler
                0x08002104                RTC_WKUP_IRQHandler
                0x08002104                SPI2_IRQHandler
                0x08002104                DMA1_Stream0_IRQHandler
                0x08002104                EXTI4_IRQHandler
                0x08002104                WWDG_IRQHandler
                0x08002104                TIM2_IRQHandler
                0x08002104                OTG_FS_WKUP_IRQHandler
                0x08002104                TIM1_TRG_COM_TIM11_IRQHandler
                0x08002104                EXTI1_IRQHandler
                0x08002104                USART2_IRQHandler
                0x08002104                I2C2_ER_IRQHandler
                0x08002104                DMA2_Stream1_IRQHandler
                0x08002104                FLASH_IRQHandler
                0x08002104                DMA2_Stream4_IRQHandler
                0x08002104                OTG_FS_IRQHandler
                0x08002104                SPI3_IRQHandler
                0x08002104                DMA1_Stream4_IRQHandler
                0x08002104                I2C1_ER_IRQHandler
                0x08002104                DMA2_Stream6_IRQHandler
                0x08002104                DMA1_Stream3_IRQHandler
 *fill*         0x08002106        0x2 
 .text.HAL_Init
                0x08002108       0x44 ./Drivers/STM32F4xx_HAL_Driver/Src/stm32f4xx_hal.o
                0x08002108                HAL_Init
 .text.HAL_InitTick
                0x0800214c       0x60 ./Drivers/STM32F4xx_HAL_Driver/Src/stm32f4xx_hal.o
                0x0800214c                HAL_InitTick
 .text.HAL_IncTick
                0x080021ac       0x28 ./Drivers/STM32F4xx_HAL_Driver/Src/stm32f4xx_hal.o
                0x080021ac                HAL_IncTick
 .text.HAL_GetTick
                0x080021d4       0x18 ./Drivers/STM32F4xx_HAL_Driver/Src/stm32f4xx_hal.o
                0x080021d4                HAL_GetTick
 .text.HAL_Delay
                0x080021ec       0x48 ./Drivers/STM32F4xx_HAL_Driver/Src/stm32f4xx_hal.o
                0x080021ec                HAL_Delay
 .text.__NVIC_SetPriorityGrouping
                0x08002234       0x48 ./Drivers/STM32F4xx_HAL_Driver/Src/stm32f4xx_hal_cortex.o
 .text.__NVIC_GetPriorityGrouping
                0x0800227c       0x1c ./Drivers/STM32F4xx_HAL_Driver/Src/stm32f4xx_hal_cortex.o
 .text.__NVIC_EnableIRQ
                0x08002298       0x3c ./Drivers/STM32F4xx_HAL_Driver/Src/stm32f4xx_hal_cortex.o
 .text.__NVIC_DisableIRQ
                0x080022d4       0x48 ./Drivers/STM32F4xx_HAL_Driver/Src/stm32f4xx_hal_cortex.o
 .text.__NVIC_SetPriority
                0x0800231c       0x54 ./Drivers/STM32F4xx_HAL_Driver/Src/stm32f4xx_hal_cortex.o
 .text.NVIC_EncodePriority
                0x08002370       0x66 ./Drivers/STM32F4xx_HAL_Driver/Src/stm32f4xx_hal_cortex.o
 *fill*         0x080023d6        0x2 
 .text.SysTick_Config
                0x080023d8       0x44 ./Drivers/STM32F4xx_HAL_Driver/Src/stm32f4xx_hal_cortex.o
 .text.HAL_NVIC_SetPriorityGrouping
                0x0800241c       0x16 ./Drivers/STM32F4xx_HAL_Driver/Src/stm32f4xx_hal_cortex.o
                0x0800241c                HAL_NVIC_SetPriorityGrouping
 .text.HAL_NVIC_SetPriority
                0x08002432       0x38 ./Drivers/STM32F4xx_HAL_Driver/Src/stm32f4xx_hal_cortex.o
                0x08002432                HAL_NVIC_SetPriority
 .text.HAL_NVIC_EnableIRQ
                0x0800246a       0x1c ./Drivers/STM32F4xx_HAL_Driver/Src/stm32f4xx_hal_cortex.o
                0x0800246a                HAL_NVIC_EnableIRQ
 .text.HAL_NVIC_DisableIRQ
                0x08002486       0x1c ./Drivers/STM32F4xx_HAL_Driver/Src/stm32f4xx_hal_cortex.o
                0x08002486                HAL_NVIC_DisableIRQ
 .text.HAL_SYSTICK_Config
                0x080024a2       0x18 ./Drivers/STM32F4xx_HAL_Driver/Src/stm32f4xx_hal_cortex.o
                0x080024a2                HAL_SYSTICK_Config
 .text.HAL_DMA_Abort
                0x080024ba       0xe0 ./Drivers/STM32F4xx_HAL_Driver/Src/stm32f4xx_hal_dma.o
                0x080024ba                HAL_DMA_Abort
 .text.HAL_DMA_Abort_IT
                0x0800259a       0x44 ./Drivers/STM32F4xx_HAL_Driver/Src/stm32f4xx_hal_dma.o
                0x0800259a                HAL_DMA_Abort_IT
 *fill*         0x080025de        0x2 
 .text.HAL_GPIO_Init
                0x080025e0      0x308 ./Drivers/STM32F4xx_HAL_Driver/Src/stm32f4xx_hal_gpio.o
                0x080025e0                HAL_GPIO_Init
 .text.HAL_GPIO_DeInit
                0x080028e8      0x1c8 ./Drivers/STM32F4xx_HAL_Driver/Src/stm32f4xx_hal_gpio.o
                0x080028e8                HAL_GPIO_DeInit
 .text.HAL_RCC_GetHCLKFreq
                0x08002ab0       0x18 ./Drivers/STM32F4xx_HAL_Driver/Src/stm32f4xx_hal_rcc.o
                0x08002ab0                HAL_RCC_GetHCLKFreq
 .text.HAL_RCC_GetPCLK1Freq
                0x08002ac8       0x28 ./Drivers/STM32F4xx_HAL_Driver/Src/stm32f4xx_hal_rcc.o
                0x08002ac8                HAL_RCC_GetPCLK1Freq
 .text.HAL_RCC_GetPCLK2Freq
                0x08002af0       0x28 ./Drivers/STM32F4xx_HAL_Driver/Src/stm32f4xx_hal_rcc.o
                0x08002af0                HAL_RCC_GetPCLK2Freq
 .text.HAL_UART_Init
                0x08002b18       0xa0 ./Drivers/STM32F4xx_HAL_Driver/Src/stm32f4xx_hal_uart.o
                0x08002b18                HAL_UART_Init
 .text.HAL_UART_DeInit
                0x08002bb8       0x64 ./Drivers/STM32F4xx_HAL_Driver/Src/stm32f4xx_hal_uart.o
                0x08002bb8                HAL_UART_DeInit
 .text.HAL_UART_Transmit
                0x08002c1c      0x116 ./Drivers/STM32F4xx_HAL_Driver/Src/stm32f4xx_hal_uart.o
                0x08002c1c                HAL_UART_Transmit
 .text.HAL_UART_Receive
                0x08002d32      0x12e ./Drivers/STM32F4xx_HAL_Driver/Src/stm32f4xx_hal_uart.o
                0x08002d32                HAL_UART_Receive
 .text.HAL_UART_IRQHandler
                0x08002e60      0x554 ./Drivers/STM32F4xx_HAL_Driver/Src/stm32f4xx_hal_uart.o
                0x08002e60                HAL_UART_IRQHandler
 .text.HAL_UART_TxCpltCallback
                0x080033b4       0x14 ./Drivers/STM32F4xx_HAL_Driver/Src/stm32f4xx_hal_uart.o
                0x080033b4                HAL_UART_TxCpltCallback
 .text.HAL_UART_RxCpltCallback
                0x080033c8       0x14 ./Drivers/STM32F4xx_HAL_Driver/Src/stm32f4xx_hal_uart.o
                0x080033c8                HAL_UART_RxCpltCallback
 .text.HAL_UART_ErrorCallback
                0x080033dc       0x14 ./Drivers/STM32F4xx_HAL_Driver/Src/stm32f4xx_hal_uart.o
                0x080033dc                HAL_UART_ErrorCallback
 .text.HAL_UARTEx_RxEventCallback
                0x080033f0       0x18 ./Drivers/STM32F4xx_HAL_Driver/Src/stm32f4xx_hal_uart.o
                0x080033f0                HAL_UARTEx_RxEventCallback
 .text.UART_WaitOnFlagUntilTimeout
                0x08003408       0xb2 ./Drivers/STM32F4xx_HAL_Driver/Src/stm32f4xx_hal_uart.o
 .text.UART_EndRxTransfer
                0x080034ba       0xc6 ./Drivers/STM32F4xx_HAL_Driver/Src/stm32f4xx_hal_uart.o
 .text.UART_DMAAbortOnError
                0x08003580       0x22 ./Drivers/STM32F4xx_HAL_Driver/Src/stm32f4xx_hal_uart.o
 .text.UART_Transmit_IT
                0x080035a2       0xa0 ./Drivers/STM32F4xx_HAL_Driver/Src/stm32f4xx_hal_uart.o
 .text.UART_EndTransmit_IT
                0x08003642       0x30 ./Drivers/STM32F4xx_HAL_Driver/Src/stm32f4xx_hal_uart.o
 .text.UART_Receive_IT
                0x08003672      0x17c ./Drivers/STM32F4xx_HAL_Driver/Src/stm32f4xx_hal_uart.o
 *fill*         0x080037ee        0x2 
 .text.UART_SetConfig
                0x080037f0      0x4e8 ./Drivers/STM32F4xx_HAL_Driver/Src/stm32f4xx_hal_uart.o
 .text.uxr_serialize_message_header
                0x08003cd8       0x54 ./micro_xrcedds_client/src/c/core/serialization/xrce_header.o
                0x08003cd8                uxr_serialize_message_header
 .text.uxr_deserialize_message_header
                0x08003d2c       0x44 ./micro_xrcedds_client/src/c/core/serialization/xrce_header.o
                0x08003d2c                uxr_deserialize_message_header
 .text.uxr_serialize_submessage_header
                0x08003d70       0x42 ./micro_xrcedds_client/src/c/core/serialization/xrce_subheader.o
                0x08003d70                uxr_serialize_submessage_header
 .text.uxr_deserialize_submessage_header
                0x08003db2       0x30 ./micro_xrcedds_client/src/c/core/serialization/xrce_subheader.o
                0x08003db2                uxr_deserialize_submessage_header
 .text.uxr_deserialize_Time_t
                0x08003de2       0x52 ./micro_xrcedds_client/src/c/core/serialization/xrce_types.o
                0x08003de2                uxr_deserialize_Time_t
 .text.uxr_serialize_BinarySequence_t
                0x08003e34       0x24 ./micro_xrcedds_client/src/c/core/serialization/xrce_types.o
                0x08003e34                uxr_serialize_BinarySequence_t
 .text.uxr_deserialize_BinarySequence_t
                0x08003e58       0x24 ./micro_xrcedds_client/src/c/core/serialization/xrce_types.o
                0x08003e58                uxr_deserialize_BinarySequence_t
 .text.uxr_serialize_ClientKey
                0x08003e7c       0x36 ./micro_xrcedds_client/src/c/core/serialization/xrce_types.o
                0x08003e7c                uxr_serialize_ClientKey
 .text.uxr_deserialize_ClientKey
                0x08003eb2       0x36 ./micro_xrcedds_client/src/c/core/serialization/xrce_types.o
                0x08003eb2                uxr_deserialize_ClientKey
 .text.uxr_serialize_ObjectId
                0x08003ee8       0x36 ./micro_xrcedds_client/src/c/core/serialization/xrce_types.o
                0x08003ee8                uxr_serialize_ObjectId
 .text.uxr_deserialize_ObjectId
                0x08003f1e       0x36 ./micro_xrcedds_client/src/c/core/serialization/xrce_types.o
                0x08003f1e                uxr_deserialize_ObjectId
 .text.uxr_serialize_XrceCookie
                0x08003f54       0x36 ./micro_xrcedds_client/src/c/core/serialization/xrce_types.o
                0x08003f54                uxr_serialize_XrceCookie
 .text.uxr_deserialize_XrceCookie
                0x08003f8a       0x36 ./micro_xrcedds_client/src/c/core/serialization/xrce_types.o
                0x08003f8a                uxr_deserialize_XrceCookie
 .text.uxr_serialize_XrceVersion
                0x08003fc0       0x36 ./micro_xrcedds_client/src/c/core/serialization/xrce_types.o
                0x08003fc0                uxr_serialize_XrceVersion
 .text.uxr_deserialize_XrceVersion
                0x08003ff6       0x36 ./micro_xrcedds_client/src/c/core/serialization/xrce_types.o
                0x08003ff6                uxr_deserialize_XrceVersion
 .text.uxr_serialize_XrceVendorId
                0x0800402c       0x36 ./micro_xrcedds_client/src/c/core/serialization/xrce_types.o
                0x0800402c                uxr_serialize_XrceVendorId
 .text.uxr_deserialize_XrceVendorId
                0x08004062       0x36 ./micro_xrcedds_client/src/c/core/serialization/xrce_types.o
                0x08004062                uxr_deserialize_XrceVendorId
 .text.uxr_serialize_TransportLocatorSmall
                0x08004098       0x54 ./micro_xrcedds_client/src/c/core/serialization/xrce_types.o
                0x08004098                uxr_serialize_TransportLocatorSmall
 .text.uxr_serialize_TransportLocatorMedium
                0x080040ec       0x54 ./micro_xrcedds_client/src/c/core/serialization/xrce_types.o
                0x080040ec                uxr_serialize_TransportLocatorMedium
 .text.uxr_serialize_TransportLocatorLarge
                0x08004140       0x54 ./micro_xrcedds_client/src/c/core/serialization/xrce_types.o
                0x08004140                uxr_serialize_TransportLocatorLarge
 .text.uxr_serialize_TransportLocatorString
                0x08004194       0x36 ./micro_xrcedds_client/src/c/core/serialization/xrce_types.o
                0x08004194                uxr_serialize_TransportLocatorString
 *fill*         0x080041ca        0x2 
 .text.uxr_serialize_TransportLocator
                0x080041cc       0xdc ./micro_xrcedds_client/src/c/core/serialization/xrce_types.o
                0x080041cc                uxr_serialize_TransportLocator
 .text.uxr_serialize_TransportLocatorSeq
                0x080042a8       0x5c ./micro_xrcedds_client/src/c/core/serialization/xrce_types.o
                0x080042a8                uxr_serialize_TransportLocatorSeq
 .text.uxr_serialize_Property
                0x08004304       0x54 ./micro_xrcedds_client/src/c/core/serialization/xrce_types.o
                0x08004304                uxr_serialize_Property
 .text.uxr_deserialize_Property
                0x08004358       0x5c ./micro_xrcedds_client/src/c/core/serialization/xrce_types.o
                0x08004358                uxr_deserialize_Property
 .text.uxr_serialize_PropertySeq
                0x080043b4       0x56 ./micro_xrcedds_client/src/c/core/serialization/xrce_types.o
                0x080043b4                uxr_serialize_PropertySeq
 .text.uxr_deserialize_PropertySeq
                0x0800440a       0x68 ./micro_xrcedds_client/src/c/core/serialization/xrce_types.o
                0x0800440a                uxr_deserialize_PropertySeq
 .text.uxr_serialize_CLIENT_Representation
                0x08004472      0x10e ./micro_xrcedds_client/src/c/core/serialization/xrce_types.o
                0x08004472                uxr_serialize_CLIENT_Representation
 .text.uxr_deserialize_CLIENT_Representation
                0x08004580      0x10e ./micro_xrcedds_client/src/c/core/serialization/xrce_types.o
                0x08004580                uxr_deserialize_CLIENT_Representation
 .text.uxr_serialize_AGENT_Representation
                0x0800468e       0xb4 ./micro_xrcedds_client/src/c/core/serialization/xrce_types.o
                0x0800468e                uxr_serialize_AGENT_Representation
 .text.uxr_deserialize_AGENT_Representation
                0x08004742       0x8e ./micro_xrcedds_client/src/c/core/serialization/xrce_types.o
                0x08004742                uxr_deserialize_AGENT_Representation
 .text.uxr_serialize_OBJK_Representation3Formats
                0x080047d0       0xb4 ./micro_xrcedds_client/src/c/core/serialization/xrce_types.o
                0x080047d0                uxr_serialize_OBJK_Representation3Formats
 .text.uxr_deserialize_OBJK_Representation3Formats
                0x08004884       0xba ./micro_xrcedds_client/src/c/core/serialization/xrce_types.o
                0x08004884                uxr_deserialize_OBJK_Representation3Formats
 .text.uxr_serialize_OBJK_RepresentationRefAndXMLFormats
                0x0800493e       0x8a ./micro_xrcedds_client/src/c/core/serialization/xrce_types.o
                0x0800493e                uxr_serialize_OBJK_RepresentationRefAndXMLFormats
 .text.uxr_deserialize_OBJK_RepresentationRefAndXMLFormats
                0x080049c8       0x90 ./micro_xrcedds_client/src/c/core/serialization/xrce_types.o
                0x080049c8                uxr_deserialize_OBJK_RepresentationRefAndXMLFormats
 .text.uxr_serialize_OBJK_RepresentationBinAndXMLFormats
                0x08004a58       0x8a ./micro_xrcedds_client/src/c/core/serialization/xrce_types.o
                0x08004a58                uxr_serialize_OBJK_RepresentationBinAndXMLFormats
 .text.uxr_deserialize_OBJK_RepresentationBinAndXMLFormats
                0x08004ae2       0x8c ./micro_xrcedds_client/src/c/core/serialization/xrce_types.o
                0x08004ae2                uxr_deserialize_OBJK_RepresentationBinAndXMLFormats
 .text.uxr_serialize_OBJK_RepresentationRefAndXML_Base
                0x08004b6e       0x34 ./micro_xrcedds_client/src/c/core/serialization/xrce_types.o
                0x08004b6e                uxr_serialize_OBJK_RepresentationRefAndXML_Base
 .text.uxr_deserialize_OBJK_RepresentationRefAndXML_Base
                0x08004ba2       0x34 ./micro_xrcedds_client/src/c/core/serialization/xrce_types.o
                0x08004ba2                uxr_deserialize_OBJK_RepresentationRefAndXML_Base
 .text.uxr_serialize_OBJK_RepresentationBinAndXML_Base
                0x08004bd6       0x34 ./micro_xrcedds_client/src/c/core/serialization/xrce_types.o
                0x08004bd6                uxr_serialize_OBJK_RepresentationBinAndXML_Base
 .text.uxr_deserialize_OBJK_RepresentationBinAndXML_Base
                0x08004c0a       0x34 ./micro_xrcedds_client/src/c/core/serialization/xrce_types.o
                0x08004c0a                uxr_deserialize_OBJK_RepresentationBinAndXML_Base
 .text.uxr_serialize_OBJK_Representation3_Base
                0x08004c3e       0x34 ./micro_xrcedds_client/src/c/core/serialization/xrce_types.o
                0x08004c3e                uxr_serialize_OBJK_Representation3_Base
 .text.uxr_deserialize_OBJK_Representation3_Base
                0x08004c72       0x34 ./micro_xrcedds_client/src/c/core/serialization/xrce_types.o
                0x08004c72                uxr_deserialize_OBJK_Representation3_Base
 .text.uxr_serialize_OBJK_QOSPROFILE_Representation
                0x08004ca6       0x34 ./micro_xrcedds_client/src/c/core/serialization/xrce_types.o
                0x08004ca6                uxr_serialize_OBJK_QOSPROFILE_Representation
 .text.uxr_deserialize_OBJK_QOSPROFILE_Representation
                0x08004cda       0x34 ./micro_xrcedds_client/src/c/core/serialization/xrce_types.o
                0x08004cda                uxr_deserialize_OBJK_QOSPROFILE_Representation
 .text.uxr_serialize_OBJK_TYPE_Representation
                0x08004d0e       0x34 ./micro_xrcedds_client/src/c/core/serialization/xrce_types.o
                0x08004d0e                uxr_serialize_OBJK_TYPE_Representation
 .text.uxr_deserialize_OBJK_TYPE_Representation
                0x08004d42       0x34 ./micro_xrcedds_client/src/c/core/serialization/xrce_types.o
                0x08004d42                uxr_deserialize_OBJK_TYPE_Representation
 .text.uxr_serialize_OBJK_APPLICATION_Representation
                0x08004d76       0x34 ./micro_xrcedds_client/src/c/core/serialization/xrce_types.o
                0x08004d76                uxr_serialize_OBJK_APPLICATION_Representation
 .text.uxr_deserialize_OBJK_APPLICATION_Representation
                0x08004daa       0x34 ./micro_xrcedds_client/src/c/core/serialization/xrce_types.o
                0x08004daa                uxr_deserialize_OBJK_APPLICATION_Representation
 .text.uxr_serialize_OBJK_PUBLISHER_Representation
                0x08004dde       0x54 ./micro_xrcedds_client/src/c/core/serialization/xrce_types.o
                0x08004dde                uxr_serialize_OBJK_PUBLISHER_Representation
 .text.uxr_deserialize_OBJK_PUBLISHER_Representation
                0x08004e32       0x54 ./micro_xrcedds_client/src/c/core/serialization/xrce_types.o
                0x08004e32                uxr_deserialize_OBJK_PUBLISHER_Representation
 .text.uxr_serialize_OBJK_SUBSCRIBER_Representation
                0x08004e86       0x54 ./micro_xrcedds_client/src/c/core/serialization/xrce_types.o
                0x08004e86                uxr_serialize_OBJK_SUBSCRIBER_Representation
 .text.uxr_deserialize_OBJK_SUBSCRIBER_Representation
                0x08004eda       0x54 ./micro_xrcedds_client/src/c/core/serialization/xrce_types.o
                0x08004eda                uxr_deserialize_OBJK_SUBSCRIBER_Representation
 .text.uxr_serialize_DATAWRITER_Representation
                0x08004f2e       0x54 ./micro_xrcedds_client/src/c/core/serialization/xrce_types.o
                0x08004f2e                uxr_serialize_DATAWRITER_Representation
 .text.uxr_deserialize_DATAWRITER_Representation
                0x08004f82       0x54 ./micro_xrcedds_client/src/c/core/serialization/xrce_types.o
                0x08004f82                uxr_deserialize_DATAWRITER_Representation
 .text.uxr_serialize_DATAREADER_Representation
                0x08004fd6       0x54 ./micro_xrcedds_client/src/c/core/serialization/xrce_types.o
                0x08004fd6                uxr_serialize_DATAREADER_Representation
 .text.uxr_deserialize_DATAREADER_Representation
                0x0800502a       0x54 ./micro_xrcedds_client/src/c/core/serialization/xrce_types.o
                0x0800502a                uxr_deserialize_DATAREADER_Representation
 .text.uxr_serialize_OBJK_PARTICIPANT_Representation
                0x0800507e       0x54 ./micro_xrcedds_client/src/c/core/serialization/xrce_types.o
                0x0800507e                uxr_serialize_OBJK_PARTICIPANT_Representation
 .text.uxr_deserialize_OBJK_PARTICIPANT_Representation
                0x080050d2       0x54 ./micro_xrcedds_client/src/c/core/serialization/xrce_types.o
                0x080050d2                uxr_deserialize_OBJK_PARTICIPANT_Representation
 .text.uxr_serialize_OBJK_TOPIC_Representation
                0x08005126       0x54 ./micro_xrcedds_client/src/c/core/serialization/xrce_types.o
                0x08005126                uxr_serialize_OBJK_TOPIC_Representation
 .text.uxr_deserialize_OBJK_TOPIC_Representation
                0x0800517a       0x54 ./micro_xrcedds_client/src/c/core/serialization/xrce_types.o
                0x0800517a                uxr_deserialize_OBJK_TOPIC_Representation
 .text.uxr_serialize_OBJK_REQUESTER_Representation
                0x080051ce       0x54 ./micro_xrcedds_client/src/c/core/serialization/xrce_types.o
                0x080051ce                uxr_serialize_OBJK_REQUESTER_Representation
 .text.uxr_deserialize_OBJK_REQUESTER_Representation
                0x08005222       0x54 ./micro_xrcedds_client/src/c/core/serialization/xrce_types.o
                0x08005222                uxr_deserialize_OBJK_REQUESTER_Representation
 .text.uxr_serialize_OBJK_REPLIER_Representation
                0x08005276       0x54 ./micro_xrcedds_client/src/c/core/serialization/xrce_types.o
                0x08005276                uxr_serialize_OBJK_REPLIER_Representation
 .text.uxr_deserialize_OBJK_REPLIER_Representation
                0x080052ca       0x54 ./micro_xrcedds_client/src/c/core/serialization/xrce_types.o
                0x080052ca                uxr_deserialize_OBJK_REPLIER_Representation
 *fill*         0x0800531e        0x2 
 .text.uxr_serialize_ObjectVariant
                0x08005320      0x22c ./micro_xrcedds_client/src/c/core/serialization/xrce_types.o
                0x08005320                uxr_serialize_ObjectVariant
 .text.uxr_deserialize_ObjectVariant
                0x0800554c      0x228 ./micro_xrcedds_client/src/c/core/serialization/xrce_types.o
                0x0800554c                uxr_deserialize_ObjectVariant
 .text.uxr_serialize_RequestId
                0x08005774       0x36 ./micro_xrcedds_client/src/c/core/serialization/xrce_types.o
                0x08005774                uxr_serialize_RequestId
 .text.uxr_deserialize_RequestId
                0x080057aa       0x36 ./micro_xrcedds_client/src/c/core/serialization/xrce_types.o
                0x080057aa                uxr_deserialize_RequestId
 .text.uxr_serialize_ResultStatus
                0x080057e0       0x54 ./micro_xrcedds_client/src/c/core/serialization/xrce_types.o
                0x080057e0                uxr_serialize_ResultStatus
 .text.uxr_deserialize_ResultStatus
                0x08005834       0x52 ./micro_xrcedds_client/src/c/core/serialization/xrce_types.o
                0x08005834                uxr_deserialize_ResultStatus
 .text.uxr_serialize_BaseObjectRequest
                0x08005886       0x52 ./micro_xrcedds_client/src/c/core/serialization/xrce_types.o
                0x08005886                uxr_serialize_BaseObjectRequest
 .text.uxr_deserialize_BaseObjectRequest
                0x080058d8       0x52 ./micro_xrcedds_client/src/c/core/serialization/xrce_types.o
                0x080058d8                uxr_deserialize_BaseObjectRequest
 .text.uxr_serialize_AGENT_ActivityInfo
                0x0800592a       0x56 ./micro_xrcedds_client/src/c/core/serialization/xrce_types.o
                0x0800592a                uxr_serialize_AGENT_ActivityInfo
 .text.uxr_serialize_DATAREADER_ActivityInfo
                0x08005980       0x38 ./micro_xrcedds_client/src/c/core/serialization/xrce_types.o
                0x08005980                uxr_serialize_DATAREADER_ActivityInfo
 .text.uxr_serialize_DATAWRITER_ActivityInfo
                0x080059b8       0x56 ./micro_xrcedds_client/src/c/core/serialization/xrce_types.o
                0x080059b8                uxr_serialize_DATAWRITER_ActivityInfo
 .text.uxr_serialize_ActivityInfoVariant
                0x08005a0e       0xb4 ./micro_xrcedds_client/src/c/core/serialization/xrce_types.o
                0x08005a0e                uxr_serialize_ActivityInfoVariant
 .text.uxr_serialize_ObjectInfo
                0x08005ac2       0xa6 ./micro_xrcedds_client/src/c/core/serialization/xrce_types.o
                0x08005ac2                uxr_serialize_ObjectInfo
 .text.uxr_serialize_BaseObjectReply
                0x08005b68       0x52 ./micro_xrcedds_client/src/c/core/serialization/xrce_types.o
                0x08005b68                uxr_serialize_BaseObjectReply
 .text.uxr_deserialize_BaseObjectReply
                0x08005bba       0x52 ./micro_xrcedds_client/src/c/core/serialization/xrce_types.o
                0x08005bba                uxr_deserialize_BaseObjectReply
 .text.uxr_serialize_CREATE_CLIENT_Payload
                0x08005c0c       0x34 ./micro_xrcedds_client/src/c/core/serialization/xrce_types.o
                0x08005c0c                uxr_serialize_CREATE_CLIENT_Payload
 .text.uxr_serialize_GET_INFO_Payload
                0x08005c40       0x52 ./micro_xrcedds_client/src/c/core/serialization/xrce_types.o
                0x08005c40                uxr_serialize_GET_INFO_Payload
 .text.uxr_deserialize_GET_INFO_Payload
                0x08005c92       0x52 ./micro_xrcedds_client/src/c/core/serialization/xrce_types.o
                0x08005c92                uxr_deserialize_GET_INFO_Payload
 .text.uxr_deserialize_STATUS_AGENT_Payload
                0x08005ce4       0x52 ./micro_xrcedds_client/src/c/core/serialization/xrce_types.o
                0x08005ce4                uxr_deserialize_STATUS_AGENT_Payload
 .text.uxr_deserialize_STATUS_Payload
                0x08005d36       0x34 ./micro_xrcedds_client/src/c/core/serialization/xrce_types.o
                0x08005d36                uxr_deserialize_STATUS_Payload
 .text.uxr_serialize_INFO_Payload
                0x08005d6a       0x52 ./micro_xrcedds_client/src/c/core/serialization/xrce_types.o
                0x08005d6a                uxr_serialize_INFO_Payload
 .text.uxr_serialize_ACKNACK_Payload
                0x08005dbc       0x74 ./micro_xrcedds_client/src/c/core/serialization/xrce_types.o
                0x08005dbc                uxr_serialize_ACKNACK_Payload
 .text.uxr_deserialize_ACKNACK_Payload
                0x08005e30       0x72 ./micro_xrcedds_client/src/c/core/serialization/xrce_types.o
                0x08005e30                uxr_deserialize_ACKNACK_Payload
 .text.uxr_serialize_HEARTBEAT_Payload
                0x08005ea2       0x72 ./micro_xrcedds_client/src/c/core/serialization/xrce_types.o
                0x08005ea2                uxr_serialize_HEARTBEAT_Payload
 .text.uxr_deserialize_HEARTBEAT_Payload
                0x08005f14       0x70 ./micro_xrcedds_client/src/c/core/serialization/xrce_types.o
                0x08005f14                uxr_deserialize_HEARTBEAT_Payload
 .text.uxr_deserialize_TIMESTAMP_REPLY_Payload
                0x08005f84       0x70 ./micro_xrcedds_client/src/c/core/serialization/xrce_types.o
                0x08005f84                uxr_deserialize_TIMESTAMP_REPLY_Payload
 .text.uxr_deserialize_GuidPrefix_t
                0x08005ff4       0x36 ./micro_xrcedds_client/src/c/core/serialization/xrce_types.o
                0x08005ff4                uxr_deserialize_GuidPrefix_t
 .text.uxr_deserialize_EntityId_t
                0x0800602a       0x54 ./micro_xrcedds_client/src/c/core/serialization/xrce_types.o
                0x0800602a                uxr_deserialize_EntityId_t
 .text.uxr_deserialize_GUID_t
                0x0800607e       0x52 ./micro_xrcedds_client/src/c/core/serialization/xrce_types.o
                0x0800607e                uxr_deserialize_GUID_t
 .text.uxr_deserialize_SequenceNumber_t
                0x080060d0       0x52 ./micro_xrcedds_client/src/c/core/serialization/xrce_types.o
                0x080060d0                uxr_deserialize_SequenceNumber_t
 .text.uxr_deserialize_SampleIdentity
                0x08006122       0x52 ./micro_xrcedds_client/src/c/core/serialization/xrce_types.o
                0x08006122                uxr_deserialize_SampleIdentity
 .text.uxr_object_id_from_raw
                0x08006174       0x4c ./micro_xrcedds_client/src/c/core/session/object_id.o
                0x08006174                uxr_object_id_from_raw
 .text.read_submessage_format
                0x080061c0       0xd8 ./micro_xrcedds_client/src/c/core/session/read_access.o
                0x080061c0                read_submessage_format
 .text.read_format_data
                0x08006298      0x208 ./micro_xrcedds_client/src/c/core/session/read_access.o
 .text.read_format_sample
                0x080064a0       0x1c ./micro_xrcedds_client/src/c/core/session/read_access.o
 .text.read_format_data_seq
                0x080064bc       0x1c ./micro_xrcedds_client/src/c/core/session/read_access.o
 .text.read_format_sample_seq
                0x080064d8       0x1c ./micro_xrcedds_client/src/c/core/session/read_access.o
 .text.read_format_packed_samples
                0x080064f4       0x1c ./micro_xrcedds_client/src/c/core/session/read_access.o
 .text.uxr_convert_to_nanos
                0x08006510       0x54 ./micro_xrcedds_client/src/c/core/session/session.o
 .text.uxr_init_session
                0x08006564       0x7c ./micro_xrcedds_client/src/c/core/session/session.o
                0x08006564                uxr_init_session
 .text.uxr_create_session_retries
                0x080065e0       0xb4 ./micro_xrcedds_client/src/c/core/session/session.o
                0x080065e0                uxr_create_session_retries
 .text.uxr_create_session
                0x08006694       0x1a ./micro_xrcedds_client/src/c/core/session/session.o
                0x08006694                uxr_create_session
 .text.uxr_run_session_time
                0x080066ae       0x5e ./micro_xrcedds_client/src/c/core/session/session.o
                0x080066ae                uxr_run_session_time
 .text.uxr_flash_output_streams
                0x0800670c       0xfa ./micro_xrcedds_client/src/c/core/session/session.o
                0x0800670c                uxr_flash_output_streams
 .text.listen_message
                0x08006806       0x4e ./micro_xrcedds_client/src/c/core/session/session.o
 .text.listen_message_reliably
                0x08006854      0x126 ./micro_xrcedds_client/src/c/core/session/session.o
 .text.wait_session_status
                0x0800697a       0x9a ./micro_xrcedds_client/src/c/core/session/session.o
 .text.send_message
                0x08006a14       0x2c ./micro_xrcedds_client/src/c/core/session/session.o
 .text.recv_message
                0x08006a40       0x30 ./micro_xrcedds_client/src/c/core/session/session.o
 .text.write_submessage_heartbeat
                0x08006a70       0x9e ./micro_xrcedds_client/src/c/core/session/session.o
 .text.write_submessage_acknack
                0x08006b0e       0xb4 ./micro_xrcedds_client/src/c/core/session/session.o
 .text.read_message
                0x08006bc2       0x46 ./micro_xrcedds_client/src/c/core/session/session.o
 .text.read_stream
                0x08006c08       0xfa ./micro_xrcedds_client/src/c/core/session/session.o
 .text.read_submessage_list
                0x08006d02       0x46 ./micro_xrcedds_client/src/c/core/session/session.o
 .text.read_submessage
                0x08006d48       0xe0 ./micro_xrcedds_client/src/c/core/session/session.o
 .text.read_submessage_status
                0x08006e28       0x40 ./micro_xrcedds_client/src/c/core/session/session.o
 .text.read_submessage_data
                0x08006e68       0x64 ./micro_xrcedds_client/src/c/core/session/session.o
 .text.read_submessage_heartbeat
                0x08006ecc       0x56 ./micro_xrcedds_client/src/c/core/session/session.o
 .text.read_submessage_acknack
                0x08006f22       0x8c ./micro_xrcedds_client/src/c/core/session/session.o
 .text.read_submessage_timestamp_reply
                0x08006fae       0x2a ./micro_xrcedds_client/src/c/core/session/session.o
 .text.read_submessage_get_info
                0x08006fd8       0xd6 ./micro_xrcedds_client/src/c/core/session/session.o
 .text.read_submessage_info
                0x080070ae      0x1c0 ./micro_xrcedds_client/src/c/core/session/session.o
                0x080070ae                read_submessage_info
 .text.process_status
                0x0800726e       0x74 ./micro_xrcedds_client/src/c/core/session/session.o
 .text.process_timestamp_reply
                0x080072e2      0x12c ./micro_xrcedds_client/src/c/core/session/session.o
 .text.uxr_init_session_info
                0x0800740e       0x56 ./micro_xrcedds_client/src/c/core/session/session_info.o
                0x0800740e                uxr_init_session_info
 .text.uxr_buffer_create_session
                0x08007464       0x94 ./micro_xrcedds_client/src/c/core/session/session_info.o
                0x08007464                uxr_buffer_create_session
 .text.uxr_read_create_session_status
                0x080074f8       0x24 ./micro_xrcedds_client/src/c/core/session/session_info.o
                0x080074f8                uxr_read_create_session_status
 .text.uxr_read_delete_session_status
                0x0800751c       0x44 ./micro_xrcedds_client/src/c/core/session/session_info.o
                0x0800751c                uxr_read_delete_session_status
 .text.uxr_stamp_create_session_header
                0x08007560       0x3c ./micro_xrcedds_client/src/c/core/session/session_info.o
                0x08007560                uxr_stamp_create_session_header
 .text.uxr_stamp_session_header
                0x0800759c       0x40 ./micro_xrcedds_client/src/c/core/session/session_info.o
                0x0800759c                uxr_stamp_session_header
 .text.uxr_read_session_header
                0x080075dc       0x80 ./micro_xrcedds_client/src/c/core/session/session_info.o
                0x080075dc                uxr_read_session_header
 .text.uxr_session_header_offset
                0x0800765c       0x24 ./micro_xrcedds_client/src/c/core/session/session_info.o
                0x0800765c                uxr_session_header_offset
 .text.uxr_parse_base_object_request
                0x08007680       0x40 ./micro_xrcedds_client/src/c/core/session/session_info.o
                0x08007680                uxr_parse_base_object_request
 .text.process_delete_session_status
                0x080076c0       0x28 ./micro_xrcedds_client/src/c/core/session/session_info.o
 .text.uxr_buffer_submessage_header
                0x080076e8       0x5a ./micro_xrcedds_client/src/c/core/session/submessage.o
                0x080076e8                uxr_buffer_submessage_header
 .text.uxr_read_submessage_header
                0x08007742       0x78 ./micro_xrcedds_client/src/c/core/session/submessage.o
                0x08007742                uxr_read_submessage_header
 .text.uxr_reset_input_best_effort_stream
                0x080077ba       0x1c ./micro_xrcedds_client/src/c/core/session/stream/input_best_effort_stream.o
                0x080077ba                uxr_reset_input_best_effort_stream
 .text.uxr_receive_best_effort_message
                0x080077d6       0x36 ./micro_xrcedds_client/src/c/core/session/stream/input_best_effort_stream.o
                0x080077d6                uxr_receive_best_effort_message
 .text.uxr_get_reliable_buffer
                0x0800780c       0x44 ./micro_xrcedds_client/src/c/core/session/stream/input_reliable_stream.o
 .text.uxr_get_reliable_buffer_history_position
                0x08007850       0x32 ./micro_xrcedds_client/src/c/core/session/stream/input_reliable_stream.o
 .text.uxr_get_reliable_buffer_size
                0x08007882       0x38 ./micro_xrcedds_client/src/c/core/session/stream/input_reliable_stream.o
 .text.uxr_set_reliable_buffer_size
                0x080078ba       0x3c ./micro_xrcedds_client/src/c/core/session/stream/input_reliable_stream.o
 .text.uxr_reset_input_reliable_stream
                0x080078f6       0x42 ./micro_xrcedds_client/src/c/core/session/stream/input_reliable_stream.o
                0x080078f6                uxr_reset_input_reliable_stream
 .text.uxr_receive_reliable_message
                0x08007938      0x106 ./micro_xrcedds_client/src/c/core/session/stream/input_reliable_stream.o
                0x08007938                uxr_receive_reliable_message
 *fill*         0x08007a3e        0x2 
 .text.uxr_next_input_reliable_buffer_available
                0x08007a40       0xd0 ./micro_xrcedds_client/src/c/core/session/stream/input_reliable_stream.o
                0x08007a40                uxr_next_input_reliable_buffer_available
 .text.uxr_process_heartbeat
                0x08007b10       0x32 ./micro_xrcedds_client/src/c/core/session/stream/input_reliable_stream.o
                0x08007b10                uxr_process_heartbeat
 .text.uxr_compute_acknack
                0x08007b42       0x92 ./micro_xrcedds_client/src/c/core/session/stream/input_reliable_stream.o
                0x08007b42                uxr_compute_acknack
 .text.check_last_fragment
                0x08007bd4       0x88 ./micro_xrcedds_client/src/c/core/session/stream/input_reliable_stream.o
 .text.uxr_get_first_unacked
                0x08007c5c       0x60 ./micro_xrcedds_client/src/c/core/session/stream/input_reliable_stream.o
 .text.on_full_input_buffer
                0x08007cbc       0x88 ./micro_xrcedds_client/src/c/core/session/stream/input_reliable_stream.o
 .text.uxr_reset_output_best_effort_stream
                0x08007d44       0x26 ./micro_xrcedds_client/src/c/core/session/stream/output_best_effort_stream.o
                0x08007d44                uxr_reset_output_best_effort_stream
 .text.uxr_prepare_best_effort_buffer_to_send
                0x08007d6a       0x66 ./micro_xrcedds_client/src/c/core/session/stream/output_best_effort_stream.o
                0x08007d6a                uxr_prepare_best_effort_buffer_to_send
 .text.uxr_get_reliable_buffer
                0x08007dd0       0x44 ./micro_xrcedds_client/src/c/core/session/stream/output_reliable_stream.o
 .text.uxr_get_reliable_buffer_size
                0x08007e14       0x38 ./micro_xrcedds_client/src/c/core/session/stream/output_reliable_stream.o
 .text.uxr_set_reliable_buffer_size
                0x08007e4c       0x3c ./micro_xrcedds_client/src/c/core/session/stream/output_reliable_stream.o
 .text.uxr_reset_output_reliable_stream
                0x08007e88       0x6a ./micro_xrcedds_client/src/c/core/session/stream/output_reliable_stream.o
                0x08007e88                uxr_reset_output_reliable_stream
 .text.uxr_prepare_next_reliable_buffer_to_send
                0x08007ef2       0xd0 ./micro_xrcedds_client/src/c/core/session/stream/output_reliable_stream.o
                0x08007ef2                uxr_prepare_next_reliable_buffer_to_send
 .text.uxr_update_output_stream_heartbeat_timestamp
                0x08007fc2       0x8c ./micro_xrcedds_client/src/c/core/session/stream/output_reliable_stream.o
                0x08007fc2                uxr_update_output_stream_heartbeat_timestamp
 .text.uxr_begin_output_nack_buffer_it
                0x0800804e       0x18 ./micro_xrcedds_client/src/c/core/session/stream/output_reliable_stream.o
                0x0800804e                uxr_begin_output_nack_buffer_it
 .text.uxr_next_reliable_nack_buffer_to_send
                0x08008066       0xc2 ./micro_xrcedds_client/src/c/core/session/stream/output_reliable_stream.o
                0x08008066                uxr_next_reliable_nack_buffer_to_send
 .text.uxr_process_acknack
                0x08008128       0x8a ./micro_xrcedds_client/src/c/core/session/stream/output_reliable_stream.o
                0x08008128                uxr_process_acknack
 .text.uxr_is_output_up_to_date
                0x080081b2       0x2c ./micro_xrcedds_client/src/c/core/session/stream/output_reliable_stream.o
                0x080081b2                uxr_is_output_up_to_date
 .text.uxr_seq_num_add
                0x080081de       0x24 ./micro_xrcedds_client/src/c/core/session/stream/seq_num.o
                0x080081de                uxr_seq_num_add
 .text.uxr_seq_num_sub
                0x08008202       0x24 ./micro_xrcedds_client/src/c/core/session/stream/seq_num.o
                0x08008202                uxr_seq_num_sub
 .text.uxr_seq_num_cmp
                0x08008226       0x60 ./micro_xrcedds_client/src/c/core/session/stream/seq_num.o
                0x08008226                uxr_seq_num_cmp
 .text.uxr_stream_id
                0x08008286       0x78 ./micro_xrcedds_client/src/c/core/session/stream/stream_id.o
                0x08008286                uxr_stream_id
 .text.uxr_stream_id_from_raw
                0x080082fe       0x74 ./micro_xrcedds_client/src/c/core/session/stream/stream_id.o
                0x080082fe                uxr_stream_id_from_raw
 .text.uxr_init_stream_storage
                0x08008372       0x32 ./micro_xrcedds_client/src/c/core/session/stream/stream_storage.o
                0x08008372                uxr_init_stream_storage
 .text.uxr_reset_stream_storage
                0x080083a4       0xc6 ./micro_xrcedds_client/src/c/core/session/stream/stream_storage.o
                0x080083a4                uxr_reset_stream_storage
 .text.uxr_get_output_reliable_stream
                0x0800846a       0x38 ./micro_xrcedds_client/src/c/core/session/stream/stream_storage.o
                0x0800846a                uxr_get_output_reliable_stream
 .text.uxr_get_input_best_effort_stream
                0x080084a2       0x34 ./micro_xrcedds_client/src/c/core/session/stream/stream_storage.o
                0x080084a2                uxr_get_input_best_effort_stream
 .text.uxr_get_input_reliable_stream
                0x080084d6       0x3a ./micro_xrcedds_client/src/c/core/session/stream/stream_storage.o
                0x080084d6                uxr_get_input_reliable_stream
 .text.uxr_output_streams_confirmed
                0x08008510       0x50 ./micro_xrcedds_client/src/c/core/session/stream/stream_storage.o
                0x08008510                uxr_output_streams_confirmed
 .text.uxr_nanos
                0x08008560       0x2c C:\stm32_microros\firmware\third_party\microros\lib\libmicroxrcedds_client.a(time.c.o)
                0x08008560                uxr_nanos
 .text.uxr_millis
                0x0800858c       0x14 C:\stm32_microros\firmware\third_party\microros\lib\libmicroxrcedds_client.a(time.c.o)
                0x0800858c                uxr_millis
 .text.serialize_get_info_message
                0x080085a0       0x48 C:\stm32_microros\firmware\third_party\microros\lib\libmicroxrcedds_client.a(ping.c.o)
                0x080085a0                serialize_get_info_message
 .text.uxr_acknack_pong
                0x080085e8       0x68 C:\stm32_microros\firmware\third_party\microros\lib\libmicroxrcedds_client.a(ping.c.o)
                0x080085e8                uxr_acknack_pong
 .text.listen_info_message
                0x08008650       0x4c C:\stm32_microros\firmware\third_party\microros\lib\libmicroxrcedds_client.a(ping.c.o)
                0x08008650                listen_info_message
 .text.uxr_ping_agent_attempts
                0x0800869c       0x88 C:\stm32_microros\firmware\third_party\microros\lib\libmicroxrcedds_client.a(ping.c.o)
                0x0800869c                uxr_ping_agent_attempts
 .text.get_custom_error
                0x08008724        0xc C:\stm32_microros\firmware\third_party\microros\lib\libmicroxrcedds_client.a(custom_transport.c.o)
 .text.recv_custom_msg
                0x08008730       0x98 C:\stm32_microros\firmware\third_party\microros\lib\libmicroxrcedds_client.a(custom_transport.c.o)
 .text.send_custom_msg
                0x080087c8       0x54 C:\stm32_microros\firmware\third_party\microros\lib\libmicroxrcedds_client.a(custom_transport.c.o)
 .text.uxr_set_custom_transport_callbacks
                0x0800881c       0x1c C:\stm32_microros\firmware\third_party\microros\lib\libmicroxrcedds_client.a(custom_transport.c.o)
                0x0800881c                uxr_set_custom_transport_callbacks
 .text.uxr_init_custom_transport
                0x08008838       0x70 C:\stm32_microros\firmware\third_party\microros\lib\libmicroxrcedds_client.a(custom_transport.c.o)
                0x08008838                uxr_init_custom_transport
 .text.uxr_close_custom_transport
                0x080088a8        0x8 C:\stm32_microros\firmware\third_party\microros\lib\libmicroxrcedds_client.a(custom_transport.c.o)
                0x080088a8                uxr_close_custom_transport
 .text.uxr_update_crc
                0x080088b0       0x20 C:\stm32_microros\firmware\third_party\microros\lib\libmicroxrcedds_client.a(stream_framing_protocol.c.o)
                0x080088b0                uxr_update_crc
 .text.uxr_get_next_octet
                0x080088d0       0x98 C:\stm32_microros\firmware\third_party\microros\lib\libmicroxrcedds_client.a(stream_framing_protocol.c.o)
                0x080088d0                uxr_get_next_octet
 .text.uxr_add_next_octet
                0x08008968       0x4c C:\stm32_microros\firmware\third_party\microros\lib\libmicroxrcedds_client.a(stream_framing_protocol.c.o)
                0x08008968                uxr_add_next_octet
 .text.uxr_init_framing_io
                0x080089b4        0xc C:\stm32_microros\firmware\third_party\microros\lib\libmicroxrcedds_client.a(stream_framing_protocol.c.o)
                0x080089b4                uxr_init_framing_io
 .text.uxr_framing_write_transport
                0x080089c0       0x40 C:\stm32_microros\firmware\third_party\microros\lib\libmicroxrcedds_client.a(stream_framing_protocol.c.o)
                0x080089c0                uxr_framing_write_transport
 .text.uxr_write_framed_msg
                0x08008a00      0x110 C:\stm32_microros\firmware\third_party\microros\lib\libmicroxrcedds_client.a(stream_framing_protocol.c.o)
                0x08008a00                uxr_write_framed_msg
 .text.uxr_framing_read_transport
                0x08008b10      0x104 C:\stm32_microros\firmware\third_party\microros\lib\libmicroxrcedds_client.a(stream_framing_protocol.c.o)
                0x08008b10                uxr_framing_read_transport
 .text.uxr_read_framed_msg
                0x08008c14      0x270 C:\stm32_microros\firmware\third_party\microros\lib\libmicroxrcedds_client.a(stream_framing_protocol.c.o)
                0x08008c14                uxr_read_framed_msg
 .text.ucdr_check_buffer_available_for
                0x08008e84       0x18 C:\stm32_microros\firmware\third_party\microros\lib\libmicrocdr.a(common.c.o)
                0x08008e84                ucdr_check_buffer_available_for
 .text.ucdr_check_final_buffer_behavior
                0x08008e9c       0x38 C:\stm32_microros\firmware\third_party\microros\lib\libmicrocdr.a(common.c.o)
                0x08008e9c                ucdr_check_final_buffer_behavior
 .text.ucdr_set_on_full_buffer_callback
                0x08008ed4        0x8 C:\stm32_microros\firmware\third_party\microros\lib\libmicrocdr.a(common.c.o)
                0x08008ed4                ucdr_set_on_full_buffer_callback
 .text.ucdr_init_buffer_origin_offset_endian
                0x08008edc       0x2c C:\stm32_microros\firmware\third_party\microros\lib\libmicrocdr.a(common.c.o)
                0x08008edc                ucdr_init_buffer_origin_offset_endian
 .text.ucdr_init_buffer_origin_offset
                0x08008f08       0x14 C:\stm32_microros\firmware\third_party\microros\lib\libmicrocdr.a(common.c.o)
                0x08008f08                ucdr_init_buffer_origin_offset
 .text.ucdr_init_buffer_origin
                0x08008f1c       0x10 C:\stm32_microros\firmware\third_party\microros\lib\libmicrocdr.a(common.c.o)
                0x08008f1c                ucdr_init_buffer_origin
 .text.ucdr_init_buffer
                0x08008f2c        0x8 C:\stm32_microros\firmware\third_party\microros\lib\libmicrocdr.a(common.c.o)
                0x08008f2c                ucdr_init_buffer
 .text.ucdr_buffer_alignment
                0x08008f34       0x1c C:\stm32_microros\firmware\third_party\microros\lib\libmicrocdr.a(common.c.o)
                0x08008f34                ucdr_buffer_alignment
 .text.ucdr_align_to
                0x08008f50       0x24 C:\stm32_microros\firmware\third_party\microros\lib\libmicrocdr.a(common.c.o)
                0x08008f50                ucdr_align_to
 .text.ucdr_buffer_length
                0x08008f74        0x8 C:\stm32_microros\firmware\third_party\microros\lib\libmicrocdr.a(common.c.o)
                0x08008f74                ucdr_buffer_length
 .text.ucdr_buffer_remaining
                0x08008f7c        0x8 C:\stm32_microros\firmware\third_party\microros\lib\libmicrocdr.a(common.c.o)
                0x08008f7c                ucdr_buffer_remaining
 .text.ucdr_check_final_buffer_behavior_array
                0x08008f84       0x38 C:\stm32_microros\firmware\third_party\microros\lib\libmicrocdr.a(common.c.o)
                0x08008f84                ucdr_check_final_buffer_behavior_array
 .text.ucdr_advance_buffer
                0x08008fbc       0x40 C:\stm32_microros\firmware\third_party\microros\lib\libmicrocdr.a(common.c.o)
                0x08008fbc                ucdr_advance_buffer
 .text.ucdr_serialize_bool
                0x08008ffc       0x2c C:\stm32_microros\firmware\third_party\microros\lib\libmicrocdr.a(basic.c.o)
                0x08008ffc                ucdr_serialize_bool
 .text.ucdr_deserialize_bool
                0x08009028       0x30 C:\stm32_microros\firmware\third_party\microros\lib\libmicrocdr.a(basic.c.o)
                0x08009028                ucdr_deserialize_bool
 .text.ucdr_serialize_uint8_t
                0x08009058       0x2c C:\stm32_microros\firmware\third_party\microros\lib\libmicrocdr.a(basic.c.o)
                0x08009058                ucdr_serialize_uint8_t
 .text.ucdr_deserialize_uint8_t
                0x08009084       0x2c C:\stm32_microros\firmware\third_party\microros\lib\libmicrocdr.a(basic.c.o)
                0x08009084                ucdr_deserialize_uint8_t
 .text.ucdr_serialize_uint16_t
                0x080090b0      0x100 C:\stm32_microros\firmware\third_party\microros\lib\libmicrocdr.a(basic.c.o)
                0x080090b0                ucdr_serialize_uint16_t
 .text.ucdr_serialize_endian_uint16_t
                0x080091b0      0x100 C:\stm32_microros\firmware\third_party\microros\lib\libmicrocdr.a(basic.c.o)
                0x080091b0                ucdr_serialize_endian_uint16_t
 .text.ucdr_deserialize_uint16_t
                0x080092b0       0xe8 C:\stm32_microros\firmware\third_party\microros\lib\libmicrocdr.a(basic.c.o)
                0x080092b0                ucdr_deserialize_uint16_t
 .text.ucdr_deserialize_endian_uint16_t
                0x08009398       0xec C:\stm32_microros\firmware\third_party\microros\lib\libmicrocdr.a(basic.c.o)
                0x08009398                ucdr_deserialize_endian_uint16_t
 .text.ucdr_serialize_uint32_t
                0x08009484      0x130 C:\stm32_microros\firmware\third_party\microros\lib\libmicrocdr.a(basic.c.o)
                0x08009484                ucdr_serialize_uint32_t
 .text.ucdr_serialize_endian_uint32_t
                0x080095b4      0x130 C:\stm32_microros\firmware\third_party\microros\lib\libmicrocdr.a(basic.c.o)
                0x080095b4                ucdr_serialize_endian_uint32_t
 .text.ucdr_deserialize_uint32_t
                0x080096e4      0x120 C:\stm32_microros\firmware\third_party\microros\lib\libmicrocdr.a(basic.c.o)
                0x080096e4                ucdr_deserialize_uint32_t
 .text.ucdr_deserialize_endian_uint32_t
                0x08009804      0x12c C:\stm32_microros\firmware\third_party\microros\lib\libmicrocdr.a(basic.c.o)
                0x08009804                ucdr_deserialize_endian_uint32_t
 .text.ucdr_serialize_uint64_t
                0x08009930      0x1a0 C:\stm32_microros\firmware\third_party\microros\lib\libmicrocdr.a(basic.c.o)
                0x08009930                ucdr_serialize_uint64_t
 .text.ucdr_serialize_int16_t
                0x08009ad0      0x100 C:\stm32_microros\firmware\third_party\microros\lib\libmicrocdr.a(basic.c.o)
                0x08009ad0                ucdr_serialize_int16_t
 .text.ucdr_deserialize_int16_t
                0x08009bd0       0xe8 C:\stm32_microros\firmware\third_party\microros\lib\libmicrocdr.a(basic.c.o)
                0x08009bd0                ucdr_deserialize_int16_t
 .text.ucdr_deserialize_int32_t
                0x08009cb8      0x120 C:\stm32_microros\firmware\third_party\microros\lib\libmicrocdr.a(basic.c.o)
                0x08009cb8                ucdr_deserialize_int32_t
 .text.ucdr_serialize_string
                0x08009dd8       0x20 C:\stm32_microros\firmware\third_party\microros\lib\libmicrocdr.a(string.c.o)
                0x08009dd8                ucdr_serialize_string
 .text.ucdr_deserialize_string
                0x08009df8       0x10 C:\stm32_microros\firmware\third_party\microros\lib\libmicrocdr.a(string.c.o)
                0x08009df8                ucdr_deserialize_string
 .text.ucdr_serialize_endian_array_char
                0x08009e08       0x64 C:\stm32_microros\firmware\third_party\microros\lib\libmicrocdr.a(array.c.o)
                0x08009e08                ucdr_serialize_endian_array_char
 .text.ucdr_deserialize_endian_array_char
                0x08009e6c       0x64 C:\stm32_microros\firmware\third_party\microros\lib\libmicrocdr.a(array.c.o)
                0x08009e6c                ucdr_deserialize_endian_array_char
 .text.ucdr_serialize_array_uint8_t
                0x08009ed0       0x64 C:\stm32_microros\firmware\third_party\microros\lib\libmicrocdr.a(array.c.o)
                0x08009ed0                ucdr_serialize_array_uint8_t
 .text.ucdr_serialize_endian_array_uint8_t
                0x08009f34       0x64 C:\stm32_microros\firmware\third_party\microros\lib\libmicrocdr.a(array.c.o)
                0x08009f34                ucdr_serialize_endian_array_uint8_t
 .text.ucdr_deserialize_array_uint8_t
                0x08009f98       0x64 C:\stm32_microros\firmware\third_party\microros\lib\libmicrocdr.a(array.c.o)
                0x08009f98                ucdr_deserialize_array_uint8_t
 .text.ucdr_deserialize_endian_array_uint8_t
                0x08009ffc       0x64 C:\stm32_microros\firmware\third_party\microros\lib\libmicrocdr.a(array.c.o)
                0x08009ffc                ucdr_deserialize_endian_array_uint8_t
 .text.ucdr_serialize_sequence_char
                0x0800a060       0x24 C:\stm32_microros\firmware\third_party\microros\lib\libmicrocdr.a(sequence.c.o)
                0x0800a060                ucdr_serialize_sequence_char
 .text.ucdr_deserialize_sequence_char
                0x0800a084       0x34 C:\stm32_microros\firmware\third_party\microros\lib\libmicrocdr.a(sequence.c.o)
                0x0800a084                ucdr_deserialize_sequence_char
 .text.ucdr_serialize_sequence_uint8_t
                0x0800a0b8       0x24 C:\stm32_microros\firmware\third_party\microros\lib\libmicrocdr.a(sequence.c.o)
                0x0800a0b8                ucdr_serialize_sequence_uint8_t
 .text.ucdr_deserialize_sequence_uint8_t
                0x0800a0dc       0x34 C:\stm32_microros\firmware\third_party\microros\lib\libmicrocdr.a(sequence.c.o)
                0x0800a0dc                ucdr_deserialize_sequence_uint8_t
 .text.atoi     0x0800a110        0x8 C:/ST/STM32CubeIDE_1.19.0/STM32CubeIDE/plugins/com.st.stm32cube.ide.mcu.externaltools.gnu-tools-for-stm32.13.3.rel1.win32_1.0.0.202411081344/tools/bin/../lib/gcc/arm-none-eabi/13.3.1/../../../../arm-none-eabi/lib/thumb/v7e-m+fp/hard\libc_nano.a(libc_a-atoi.o)
                0x0800a110                atoi
 .text._strtol_l.isra.0
                0x0800a118       0xf4 C:/ST/STM32CubeIDE_1.19.0/STM32CubeIDE/plugins/com.st.stm32cube.ide.mcu.externaltools.gnu-tools-for-stm32.13.3.rel1.win32_1.0.0.202411081344/tools/bin/../lib/gcc/arm-none-eabi/13.3.1/../../../../arm-none-eabi/lib/thumb/v7e-m+fp/hard\libc_nano.a(libc_a-strtol.o)
 .text.strtol   0x0800a20c       0x14 C:/ST/STM32CubeIDE_1.19.0/STM32CubeIDE/plugins/com.st.stm32cube.ide.mcu.externaltools.gnu-tools-for-stm32.13.3.rel1.win32_1.0.0.202411081344/tools/bin/../lib/gcc/arm-none-eabi/13.3.1/../../../../arm-none-eabi/lib/thumb/v7e-m+fp/hard\libc_nano.a(libc_a-strtol.o)
                0x0800a20c                strtol
 .text.snprintf
                0x0800a220       0x6c C:/ST/STM32CubeIDE_1.19.0/STM32CubeIDE/plugins/com.st.stm32cube.ide.mcu.externaltools.gnu-tools-for-stm32.13.3.rel1.win32_1.0.0.202411081344/tools/bin/../lib/gcc/arm-none-eabi/13.3.1/../../../../arm-none-eabi/lib/thumb/v7e-m+fp/hard\libc_nano.a(libc_a-snprintf.o)
                0x0800a220                sniprintf
                0x0800a220                snprintf
 .text._vsnprintf_r
                0x0800a28c       0x5c C:/ST/STM32CubeIDE_1.19.0/STM32CubeIDE/plugins/com.st.stm32cube.ide.mcu.externaltools.gnu-tools-for-stm32.13.3.rel1.win32_1.0.0.202411081344/tools/bin/../lib/gcc/arm-none-eabi/13.3.1/../../../../arm-none-eabi/lib/thumb/v7e-m+fp/hard\libc_nano.a(libc_a-vsnprintf.o)
                0x0800a28c                _vsniprintf_r
                0x0800a28c                _vsnprintf_r
 .text.vsnprintf
                0x0800a2e8       0x1c C:/ST/STM32CubeIDE_1.19.0/STM32CubeIDE/plugins/com.st.stm32cube.ide.mcu.externaltools.gnu-tools-for-stm32.13.3.rel1.win32_1.0.0.202411081344/tools/bin/../lib/gcc/arm-none-eabi/13.3.1/../../../../arm-none-eabi/lib/thumb/v7e-m+fp/hard\libc_nano.a(libc_a-vsnprintf.o)
                0x0800a2e8                vsniprintf
                0x0800a2e8                vsnprintf
 .text.memcmp   0x0800a304       0x20 C:/ST/STM32CubeIDE_1.19.0/STM32CubeIDE/plugins/com.st.stm32cube.ide.mcu.externaltools.gnu-tools-for-stm32.13.3.rel1.win32_1.0.0.202411081344/tools/bin/../lib/gcc/arm-none-eabi/13.3.1/../../../../arm-none-eabi/lib/thumb/v7e-m+fp/hard\libc_nano.a(libc_a-memcmp.o)
                0x0800a304                memcmp
 .text.memmove  0x0800a324       0x34 C:/ST/STM32CubeIDE_1.19.0/STM32CubeIDE/plugins/com.st.stm32cube.ide.mcu.externaltools.gnu-tools-for-stm32.13.3.rel1.win32_1.0.0.202411081344/tools/bin/../lib/gcc/arm-none-eabi/13.3.1/../../../../arm-none-eabi/lib/thumb/v7e-m+fp/hard\libc_nano.a(libc_a-memmove.o)
                0x0800a324                memmove
 .text.memset   0x0800a358       0x10 C:/ST/STM32CubeIDE_1.19.0/STM32CubeIDE/plugins/com.st.stm32cube.ide.mcu.externaltools.gnu-tools-for-stm32.13.3.rel1.win32_1.0.0.202411081344/tools/bin/../lib/gcc/arm-none-eabi/13.3.1/../../../../arm-none-eabi/lib/thumb/v7e-m+fp/hard\libc_nano.a(libc_a-memset.o)
                0x0800a358                memset
 .text.strchr   0x0800a368       0x1a C:/ST/STM32CubeIDE_1.19.0/STM32CubeIDE/plugins/com.st.stm32cube.ide.mcu.externaltools.gnu-tools-for-stm32.13.3.rel1.win32_1.0.0.202411081344/tools/bin/../lib/gcc/arm-none-eabi/13.3.1/../../../../arm-none-eabi/lib/thumb/v7e-m+fp/hard\libc_nano.a(libc_a-strchr.o)
                0x0800a368                strchr
 .text.strncmp  0x0800a382       0x24 C:/ST/STM32CubeIDE_1.19.0/STM32CubeIDE/plugins/com.st.stm32cube.ide.mcu.externaltools.gnu-tools-for-stm32.13.3.rel1.win32_1.0.0.202411081344/tools/bin/../lib/gcc/arm-none-eabi/13.3.1/../../../../arm-none-eabi/lib/thumb/v7e-m+fp/hard\libc_nano.a(libc_a-strncmp.o)
                0x0800a382                strncmp
 .text.strncpy  0x0800a3a6       0x26 C:/ST/STM32CubeIDE_1.19.0/STM32CubeIDE/plugins/com.st.stm32cube.ide.mcu.externaltools.gnu-tools-for-stm32.13.3.rel1.win32_1.0.0.202411081344/tools/bin/../lib/gcc/arm-none-eabi/13.3.1/../../../../arm-none-eabi/lib/thumb/v7e-m+fp/hard\libc_nano.a(libc_a-strncpy.o)
                0x0800a3a6                strncpy
 .text.strstr   0x0800a3cc       0x2c C:/ST/STM32CubeIDE_1.19.0/STM32CubeIDE/plugins/com.st.stm32cube.ide.mcu.externaltools.gnu-tools-for-stm32.13.3.rel1.win32_1.0.0.202411081344/tools/bin/../lib/gcc/arm-none-eabi/13.3.1/../../../../arm-none-eabi/lib/thumb/v7e-m+fp/hard\libc_nano.a(libc_a-strstr.o)
                0x0800a3cc                strstr
 .text.__errno  0x0800a3f8        0xc C:/ST/STM32CubeIDE_1.19.0/STM32CubeIDE/plugins/com.st.stm32cube.ide.mcu.externaltools.gnu-tools-for-stm32.13.3.rel1.win32_1.0.0.202411081344/tools/bin/../lib/gcc/arm-none-eabi/13.3.1/../../../../arm-none-eabi/lib/thumb/v7e-m+fp/hard\libc_nano.a(libc_a-errno.o)
                0x0800a3f8                __errno
 .text.__libc_init_array
                0x0800a404       0x48 C:/ST/STM32CubeIDE_1.19.0/STM32CubeIDE/plugins/com.st.stm32cube.ide.mcu.externaltools.gnu-tools-for-stm32.13.3.rel1.win32_1.0.0.202411081344/tools/bin/../lib/gcc/arm-none-eabi/13.3.1/../../../../arm-none-eabi/lib/thumb/v7e-m+fp/hard\libc_nano.a(libc_a-init.o)
                0x0800a404                __libc_init_array
 .text.__retarget_lock_acquire_recursive
                0x0800a44c        0x2 C:/ST/STM32CubeIDE_1.19.0/STM32CubeIDE/plugins/com.st.stm32cube.ide.mcu.externaltools.gnu-tools-for-stm32.13.3.rel1.win32_1.0.0.202411081344/tools/bin/../lib/gcc/arm-none-eabi/13.3.1/../../../../arm-none-eabi/lib/thumb/v7e-m+fp/hard\libc_nano.a(libc_a-lock.o)
                0x0800a44c                __retarget_lock_acquire_recursive
 .text.__retarget_lock_release_recursive
                0x0800a44e        0x2 C:/ST/STM32CubeIDE_1.19.0/STM32CubeIDE/plugins/com.st.stm32cube.ide.mcu.externaltools.gnu-tools-for-stm32.13.3.rel1.win32_1.0.0.202411081344/tools/bin/../lib/gcc/arm-none-eabi/13.3.1/../../../../arm-none-eabi/lib/thumb/v7e-m+fp/hard\libc_nano.a(libc_a-lock.o)
                0x0800a44e                __retarget_lock_release_recursive
 .text.memcpy   0x0800a450       0x1c C:/ST/STM32CubeIDE_1.19.0/STM32CubeIDE/plugins/com.st.stm32cube.ide.mcu.externaltools.gnu-tools-for-stm32.13.3.rel1.win32_1.0.0.202411081344/tools/bin/../lib/gcc/arm-none-eabi/13.3.1/../../../../arm-none-eabi/lib/thumb/v7e-m+fp/hard\libc_nano.a(libc_a-memcpy-stub.o)
                0x0800a450                memcpy
 .text._free_r  0x0800a46c       0x94 C:/ST/STM32CubeIDE_1.19.0/STM32CubeIDE/plugins/com.st.stm32cube.ide.mcu.externaltools.gnu-tools-for-stm32.13.3.rel1.win32_1.0.0.202411081344/tools/bin/../lib/gcc/arm-none-eabi/13.3.1/../../../../arm-none-eabi/lib/thumb/v7e-m+fp/hard\libc_nano.a(libc_a-freer.o)
                0x0800a46c                _free_r
 .text.sbrk_aligned
                0x0800a500       0x44 C:/ST/STM32CubeIDE_1.19.0/STM32CubeIDE/plugins/com.st.stm32cube.ide.mcu.externaltools.gnu-tools-for-stm32.13.3.rel1.win32_1.0.0.202411081344/tools/bin/../lib/gcc/arm-none-eabi/13.3.1/../../../../arm-none-eabi/lib/thumb/v7e-m+fp/hard\libc_nano.a(libc_a-mallocr.o)
 .text._malloc_r
                0x0800a544      0x100 C:/ST/STM32CubeIDE_1.19.0/STM32CubeIDE/plugins/com.st.stm32cube.ide.mcu.externaltools.gnu-tools-for-stm32.13.3.rel1.win32_1.0.0.202411081344/tools/bin/../lib/gcc/arm-none-eabi/13.3.1/../../../../arm-none-eabi/lib/thumb/v7e-m+fp/hard\libc_nano.a(libc_a-mallocr.o)
                0x0800a544                _malloc_r
 .text.__malloc_lock
                0x0800a644        0xc C:/ST/STM32CubeIDE_1.19.0/STM32CubeIDE/plugins/com.st.stm32cube.ide.mcu.externaltools.gnu-tools-for-stm32.13.3.rel1.win32_1.0.0.202411081344/tools/bin/../lib/gcc/arm-none-eabi/13.3.1/../../../../arm-none-eabi/lib/thumb/v7e-m+fp/hard\libc_nano.a(libc_a-mlock.o)
                0x0800a644                __malloc_lock
 .text.__malloc_unlock
                0x0800a650        0xc C:/ST/STM32CubeIDE_1.19.0/STM32CubeIDE/plugins/com.st.stm32cube.ide.mcu.externaltools.gnu-tools-for-stm32.13.3.rel1.win32_1.0.0.202411081344/tools/bin/../lib/gcc/arm-none-eabi/13.3.1/../../../../arm-none-eabi/lib/thumb/v7e-m+fp/hard\libc_nano.a(libc_a-mlock.o)
                0x0800a650                __malloc_unlock
 .text.__ssputs_r
                0x0800a65c       0xb6 C:/ST/STM32CubeIDE_1.19.0/STM32CubeIDE/plugins/com.st.stm32cube.ide.mcu.externaltools.gnu-tools-for-stm32.13.3.rel1.win32_1.0.0.202411081344/tools/bin/../lib/gcc/arm-none-eabi/13.3.1/../../../../arm-none-eabi/lib/thumb/v7e-m+fp/hard\libc_nano.a(libc_a-nano-svfprintf.o)
                0x0800a65c                __ssputs_r
 *fill*         0x0800a712        0x2 
 .text._svfprintf_r
                0x0800a714      0x1f8 C:/ST/STM32CubeIDE_1.19.0/STM32CubeIDE/plugins/com.st.stm32cube.ide.mcu.externaltools.gnu-tools-for-stm32.13.3.rel1.win32_1.0.0.202411081344/tools/bin/../lib/gcc/arm-none-eabi/13.3.1/../../../../arm-none-eabi/lib/thumb/v7e-m+fp/hard\libc_nano.a(libc_a-nano-svfprintf.o)
                0x0800a714                _svfiprintf_r
                0x0800a714                _svfprintf_r
 .text._printf_common
                0x0800a90c       0xda C:/ST/STM32CubeIDE_1.19.0/STM32CubeIDE/plugins/com.st.stm32cube.ide.mcu.externaltools.gnu-tools-for-stm32.13.3.rel1.win32_1.0.0.202411081344/tools/bin/../lib/gcc/arm-none-eabi/13.3.1/../../../../arm-none-eabi/lib/thumb/v7e-m+fp/hard\libc_nano.a(libc_a-nano-vfprintf_i.o)
                0x0800a90c                _printf_common
 *fill*         0x0800a9e6        0x2 
 .text._printf_i
                0x0800a9e8      0x23c C:/ST/STM32CubeIDE_1.19.0/STM32CubeIDE/plugins/com.st.stm32cube.ide.mcu.externaltools.gnu-tools-for-stm32.13.3.rel1.win32_1.0.0.202411081344/tools/bin/../lib/gcc/arm-none-eabi/13.3.1/../../../../arm-none-eabi/lib/thumb/v7e-m+fp/hard\libc_nano.a(libc_a-nano-vfprintf_i.o)
                0x0800a9e8                _printf_i
 .text._sbrk_r  0x0800ac24       0x20 C:/ST/STM32CubeIDE_1.19.0/STM32CubeIDE/plugins/com.st.stm32cube.ide.mcu.externaltools.gnu-tools-for-stm32.13.3.rel1.win32_1.0.0.202411081344/tools/bin/../lib/gcc/arm-none-eabi/13.3.1/../../../../arm-none-eabi/lib/thumb/v7e-m+fp/hard\libc_nano.a(libc_a-sbrkr.o)
                0x0800ac24                _sbrk_r
 .text._realloc_r
                0x0800ac44       0x5c C:/ST/STM32CubeIDE_1.19.0/STM32CubeIDE/plugins/com.st.stm32cube.ide.mcu.externaltools.gnu-tools-for-stm32.13.3.rel1.win32_1.0.0.202411081344/tools/bin/../lib/gcc/arm-none-eabi/13.3.1/../../../../arm-none-eabi/lib/thumb/v7e-m+fp/hard\libc_nano.a(libc_a-reallocr.o)
                0x0800ac44                _realloc_r
 .text._malloc_usable_size_r
                0x0800aca0       0x10 C:/ST/STM32CubeIDE_1.19.0/STM32CubeIDE/plugins/com.st.stm32cube.ide.mcu.externaltools.gnu-tools-for-stm32.13.3.rel1.win32_1.0.0.202411081344/tools/bin/../lib/gcc/arm-none-eabi/13.3.1/../../../../arm-none-eabi/lib/thumb/v7e-m+fp/hard\libc_nano.a(libc_a-msizer.o)
                0x0800aca0                _malloc_usable_size_r
 *(.glue_7)
 .glue_7        0x0800acb0        0x0 linker stubs
 *(.glue_7t)
 .glue_7t       0x0800acb0        0x0 linker stubs
 *(.eh_frame)
 .eh_frame      0x0800acb0        0x0 C:/ST/STM32CubeIDE_1.19.0/STM32CubeIDE/plugins/com.st.stm32cube.ide.mcu.externaltools.gnu-tools-for-stm32.13.3.rel1.win32_1.0.0.202411081344/tools/bin/../lib/gcc/arm-none-eabi/13.3.1/thumb/v7e-m+fp/hard/crtbegin.o
 *(.init)
 .init          0x0800acb0        0x4 C:/ST/STM32CubeIDE_1.19.0/STM32CubeIDE/plugins/com.st.stm32cube.ide.mcu.externaltools.gnu-tools-for-stm32.13.3.rel1.win32_1.0.0.202411081344/tools/bin/../lib/gcc/arm-none-eabi/13.3.1/thumb/v7e-m+fp/hard/crti.o
                0x0800acb0                _init
 .init          0x0800acb4        0x8 C:/ST/STM32CubeIDE_1.19.0/STM32CubeIDE/plugins/com.st.stm32cube.ide.mcu.externaltools.gnu-tools-for-stm32.13.3.rel1.win32_1.0.0.202411081344/tools/bin/../lib/gcc/arm-none-eabi/13.3.1/thumb/v7e-m+fp/hard/crtn.o
 *(.fini)
 .fini          0x0800acbc        0x4 C:/ST/STM32CubeIDE_1.19.0/STM32CubeIDE/plugins/com.st.stm32cube.ide.mcu.externaltools.gnu-tools-for-stm32.13.3.rel1.win32_1.0.0.202411081344/tools/bin/../lib/gcc/arm-none-eabi/13.3.1/thumb/v7e-m+fp/hard/crti.o
                0x0800acbc                _fini
 .fini          0x0800acc0        0x8 C:/ST/STM32CubeIDE_1.19.0/STM32CubeIDE/plugins/com.st.stm32cube.ide.mcu.externaltools.gnu-tools-for-stm32.13.3.rel1.win32_1.0.0.202411081344/tools/bin/../lib/gcc/arm-none-eabi/13.3.1/thumb/v7e-m+fp/hard/crtn.o
                0x0800acc8                        . = ALIGN (0x4)
                0x0800acc8                        _etext = .

.vfp11_veneer   0x0800acc8        0x0
 .vfp11_veneer  0x0800acc8        0x0 linker stubs

.v4_bx          0x0800acc8        0x0
 .v4_bx         0x0800acc8        0x0 linker stubs

.iplt           0x0800acc8        0x0
 .iplt          0x0800acc8        0x0 C:/ST/STM32CubeIDE_1.19.0/STM32CubeIDE/plugins/com.st.stm32cube.ide.mcu.externaltools.gnu-tools-for-stm32.13.3.rel1.win32_1.0.0.202411081344/tools/bin/../lib/gcc/arm-none-eabi/13.3.1/thumb/v7e-m+fp/hard/crtbegin.o

.rodata         0x0800acc8      0xbb4
                0x0800acc8                        . = ALIGN (0x4)
 *(.rodata)
 .rodata        0x0800acc8      0x3b4 ./Core/Src/esp.o
 .rodata        0x0800b07c      0x1f2 ./Core/Src/microros_app.o
 *fill*         0x0800b26e        0x2 
 .rodata        0x0800b270      0x2bf ./Core/Src/microros_transport_esp.o
 *fill*         0x0800b52f        0x1 
 .rodata        0x0800b530        0xa ./micro_xrcedds_client/src/c/core/session/session_info.o
 *fill*         0x0800b53a        0x2 
 .rodata        0x0800b53c        0x2 C:\stm32_microros\firmware\third_party\microros\lib\libmicroxrcedds_client.a(ping.c.o)
 *(.rodata*)
 *fill*         0x0800b53e        0x2 
 .rodata.APBPrescTable
                0x0800b540        0x8 ./Core/Src/system_stm32f4xx.o
                0x0800b540                APBPrescTable
 .rodata.crc16_table
                0x0800b548      0x200 C:\stm32_microros\firmware\third_party\microros\lib\libmicroxrcedds_client.a(stream_framing_protocol.c.o)
 .rodata._ctype_
                0x0800b748      0x101 C:/ST/STM32CubeIDE_1.19.0/STM32CubeIDE/plugins/com.st.stm32cube.ide.mcu.externaltools.gnu-tools-for-stm32.13.3.rel1.win32_1.0.0.202411081344/tools/bin/../lib/gcc/arm-none-eabi/13.3.1/../../../../arm-none-eabi/lib/thumb/v7e-m+fp/hard\libc_nano.a(libc_a-ctype_.o)
                0x0800b748                _ctype_
 .rodata._svfprintf_r.str1.1
                0x0800b849       0x33 C:/ST/STM32CubeIDE_1.19.0/STM32CubeIDE/plugins/com.st.stm32cube.ide.mcu.externaltools.gnu-tools-for-stm32.13.3.rel1.win32_1.0.0.202411081344/tools/bin/../lib/gcc/arm-none-eabi/13.3.1/../../../../arm-none-eabi/lib/thumb/v7e-m+fp/hard\libc_nano.a(libc_a-nano-svfprintf.o)
                                 0x11 (size before relaxing)
 .rodata._printf_i.str1.1
                0x0800b87c       0x22 C:/ST/STM32CubeIDE_1.19.0/STM32CubeIDE/plugins/com.st.stm32cube.ide.mcu.externaltools.gnu-tools-for-stm32.13.3.rel1.win32_1.0.0.202411081344/tools/bin/../lib/gcc/arm-none-eabi/13.3.1/../../../../arm-none-eabi/lib/thumb/v7e-m+fp/hard\libc_nano.a(libc_a-nano-vfprintf_i.o)
                0x0800b8a0                        . = ALIGN (0x4)

.ARM.extab      0x0800b87c        0x0
                0x0800b87c                        . = ALIGN (0x4)
 *(.ARM.extab* .gnu.linkonce.armextab.*)
                0x0800b87c                        . = ALIGN (0x4)

.ARM            0x0800b87c        0x8
                0x0800b87c                        . = ALIGN (0x4)
                0x0800b87c                        __exidx_start = .
 *(.ARM.exidx*)
 .ARM.exidx     0x0800b87c        0x8 C:/ST/STM32CubeIDE_1.19.0/STM32CubeIDE/plugins/com.st.stm32cube.ide.mcu.externaltools.gnu-tools-for-stm32.13.3.rel1.win32_1.0.0.202411081344/tools/bin/../lib/gcc/arm-none-eabi/13.3.1/../../../../arm-none-eabi/lib/thumb/v7e-m+fp/hard\libc_nano.a(libc_a-strlen.o)
 .ARM.exidx     0x0800b884        0x0 C:/ST/STM32CubeIDE_1.19.0/STM32CubeIDE/plugins/com.st.stm32cube.ide.mcu.externaltools.gnu-tools-for-stm32.13.3.rel1.win32_1.0.0.202411081344/tools/bin/../lib/gcc/arm-none-eabi/13.3.1/../../../../arm-none-eabi/lib/thumb/v7e-m+fp/hard\libc_nano.a(libc_a-memchr.o)
                                  0x8 (size before relaxing)
 .ARM.exidx     0x0800b884        0x0 C:/ST/STM32CubeIDE_1.19.0/STM32CubeIDE/plugins/com.st.stm32cube.ide.mcu.externaltools.gnu-tools-for-stm32.13.3.rel1.win32_1.0.0.202411081344/tools/bin/../lib/gcc/arm-none-eabi/13.3.1/thumb/v7e-m+fp/hard\libgcc.a(_udivmoddi4.o)
                                  0x8 (size before relaxing)
                0x0800b884                        __exidx_end = .
                0x0800b884                        . = ALIGN (0x4)

.preinit_array  0x0800b884        0x0
                0x0800b884                        . = ALIGN (0x4)
                0x0800b884                        PROVIDE (__preinit_array_start = .)
 *(.preinit_array*)
                0x0800b884                        PROVIDE (__preinit_array_end = .)
                0x0800b884                        . = ALIGN (0x4)

.init_array     0x0800b884        0x4
                0x0800b884                        . = ALIGN (0x4)
                0x0800b884                        PROVIDE (__init_array_start = .)
 *(SORT_BY_NAME(.init_array.*))
 *(.init_array*)
 .init_array    0x0800b884        0x4 C:/ST/STM32CubeIDE_1.19.0/STM32CubeIDE/plugins/com.st.stm32cube.ide.mcu.externaltools.gnu-tools-for-stm32.13.3.rel1.win32_1.0.0.202411081344/tools/bin/../lib/gcc/arm-none-eabi/13.3.1/thumb/v7e-m+fp/hard/crtbegin.o
                0x0800b888                        PROVIDE (__init_array_end = .)
                0x0800b888                        . = ALIGN (0x4)

.fini_array     0x0800b888        0x4
                0x0800b888                        . = ALIGN (0x4)
                [!provide]                        PROVIDE (__fini_array_start = .)
 *(SORT_BY_NAME(.fini_array.*))
 *(.fini_array*)
 .fini_array    0x0800b888        0x4 C:/ST/STM32CubeIDE_1.19.0/STM32CubeIDE/plugins/com.st.stm32cube.ide.mcu.externaltools.gnu-tools-for-stm32.13.3.rel1.win32_1.0.0.202411081344/tools/bin/../lib/gcc/arm-none-eabi/13.3.1/thumb/v7e-m+fp/hard/crtbegin.o
                [!provide]                        PROVIDE (__fini_array_end = .)
                0x0800b88c                        . = ALIGN (0x4)
                0x0800b88c                        _sidata = LOADADDR (.data)

.rel.dyn        0x0800b88c        0x0
 .rel.iplt      0x0800b88c        0x0 C:/ST/STM32CubeIDE_1.19.0/STM32CubeIDE/plugins/com.st.stm32cube.ide.mcu.externaltools.gnu-tools-for-stm32.13.3.rel1.win32_1.0.0.202411081344/tools/bin/../lib/gcc/arm-none-eabi/13.3.1/thumb/v7e-m+fp/hard/crtbegin.o

.data           0x20000000       0x5c load address 0x0800b88c
                0x20000000                        . = ALIGN (0x4)
                0x20000000                        _sdata = .
 *(.data)
 *(.data*)
 .data.SystemCoreClock
                0x20000000        0x4 ./Core/Src/system_stm32f4xx.o
                0x20000000                SystemCoreClock
 .data.uwTickPrio
                0x20000004        0x4 ./Drivers/STM32F4xx_HAL_Driver/Src/stm32f4xx_hal.o
                0x20000004                uwTickPrio
 .data.uwTickFreq
                0x20000008        0x1 ./Drivers/STM32F4xx_HAL_Driver/Src/stm32f4xx_hal.o
                0x20000008                uwTickFreq
 *fill*         0x20000009        0x3 
 .data._impure_ptr
                0x2000000c        0x4 C:/ST/STM32CubeIDE_1.19.0/STM32CubeIDE/plugins/com.st.stm32cube.ide.mcu.externaltools.gnu-tools-for-stm32.13.3.rel1.win32_1.0.0.202411081344/tools/bin/../lib/gcc/arm-none-eabi/13.3.1/../../../../arm-none-eabi/lib/thumb/v7e-m+fp/hard\libc_nano.a(libc_a-impure.o)